Archive member included to satisfy reference by file (symbol)

libbb/lib.a(appletlib.o)      applets/built-in.o (lbb_main)
libbb/lib.a(compare_string_array.o)
                              libbb/lib.a(appletlib.o) (is_prefixed_with)
libbb/lib.a(concat_path_file.o)
                              libbb/lib.a(appletlib.o) (concat_path_file)
libbb/lib.a(default_error_retval.o)
                              libbb/lib.a(appletlib.o) (xfunc_error_retval)
libbb/lib.a(get_last_path_component.o)
                              libbb/lib.a(appletlib.o) (bb_basename)
libbb/lib.a(last_char_is.o)   libbb/lib.a(concat_path_file.o) (last_char_is)
libbb/lib.a(llist.o)          libbb/lib.a(appletlib.o) (llist_free)
libbb/lib.a(messages.o)       libbb/lib.a(appletlib.o) (bb_busybox_exec_path)
libbb/lib.a(perror_msg.o)     libbb/lib.a(appletlib.o) (bb_perror_msg_and_die)
libbb/lib.a(ptr_to_globals.o)
                              libbb/lib.a(appletlib.o) (bb_errno)
libbb/lib.a(skip_whitespace.o)
                              libbb/lib.a(appletlib.o) (skip_whitespace)
libbb/lib.a(verror_msg.o)     libbb/lib.a(perror_msg.o) (bb_verror_msg)
libbb/lib.a(wfopen.o)         libbb/lib.a(appletlib.o) (fopen_for_read)
libbb/lib.a(xfunc_die.o)      libbb/lib.a(appletlib.o) (xfunc_die)
libbb/lib.a(xfuncs.o)         libbb/lib.a(appletlib.o) (full_write1_str)
libbb/lib.a(xfuncs_printf.o)  libbb/lib.a(wfopen.o) (bb_die_memory_exhausted)
libbb/lib.a(xreadlink.o)      libbb/lib.a(appletlib.o) (xmalloc_readlink)
libbb/lib.a(copyfd.o)         libbb/lib.a(xfuncs_printf.o) (bb_copyfd_eof)
libbb/lib.a(full_write.o)     libbb/lib.a(verror_msg.o) (full_write)
libbb/lib.a(read.o)           libbb/lib.a(copyfd.o) (safe_read)
libbb/lib.a(safe_write.o)     libbb/lib.a(full_write.o) (safe_write)
libbb/lib.a(signals.o)        libbb/lib.a(xfuncs_printf.o) (kill_myself_with_sig)
libbb/lib.a(time.o)           libbb/lib.a(xfuncs_printf.o) (monotonic_us)
libbb/lib.a(bb_strtonum.o)    libbb/lib.a(time.o) (bb_strtol)
libpwdgrp/lib.a(pwd_grp.o)    libbb/lib.a(appletlib.o) (bb_internal_getpwnam)
libpwdgrp/lib.a(uidgid_get.o)
                              libbb/lib.a(appletlib.o) (get_uidgid)
loginutils/lib.a(add-remove-shell.o)
                              libbb/lib.a(appletlib.o) (add_remove_shell_main)
loginutils/lib.a(addgroup.o)  libbb/lib.a(appletlib.o) (addgroup_main)
loginutils/lib.a(adduser.o)   libbb/lib.a(appletlib.o) (adduser_main)
loginutils/lib.a(chpasswd.o)  libbb/lib.a(appletlib.o) (chpasswd_main)
loginutils/lib.a(cryptpw.o)   libbb/lib.a(appletlib.o) (cryptpw_main)
loginutils/lib.a(deluser.o)   libbb/lib.a(appletlib.o) (deluser_main)
loginutils/lib.a(getty.o)     libbb/lib.a(appletlib.o) (getty_main)
loginutils/lib.a(login.o)     libbb/lib.a(appletlib.o) (login_main)
loginutils/lib.a(passwd.o)    libbb/lib.a(appletlib.o) (passwd_main)
loginutils/lib.a(su.o)        libbb/lib.a(appletlib.o) (su_main)
loginutils/lib.a(sulogin.o)   libbb/lib.a(appletlib.o) (sulogin_main)
loginutils/lib.a(vlock.o)     libbb/lib.a(appletlib.o) (vlock_main)
mailutils/lib.a(makemime.o)   libbb/lib.a(appletlib.o) (makemime_main)
mailutils/lib.a(popmaildir.o)
                              libbb/lib.a(appletlib.o) (popmaildir_main)
mailutils/lib.a(reformime.o)  libbb/lib.a(appletlib.o) (reformime_main)
mailutils/lib.a(sendmail.o)   libbb/lib.a(appletlib.o) (sendmail_main)
mailutils/lib.a(mail.o)       mailutils/lib.a(popmaildir.o) (launch_helper)
miscutils/lib.a(adjtimex.o)   libbb/lib.a(appletlib.o) (adjtimex_main)
miscutils/lib.a(bc.o)         libbb/lib.a(appletlib.o) (bc_main)
miscutils/lib.a(beep.o)       libbb/lib.a(appletlib.o) (beep_main)
miscutils/lib.a(chat.o)       libbb/lib.a(appletlib.o) (chat_main)
miscutils/lib.a(conspy.o)     libbb/lib.a(appletlib.o) (conspy_main)
miscutils/lib.a(crond.o)      libbb/lib.a(appletlib.o) (crond_main)
miscutils/lib.a(crontab.o)    libbb/lib.a(appletlib.o) (crontab_main)
miscutils/lib.a(devmem.o)     libbb/lib.a(appletlib.o) (devmem_main)
miscutils/lib.a(fbsplash.o)   libbb/lib.a(appletlib.o) (fbsplash_main)
miscutils/lib.a(hdparm.o)     libbb/lib.a(appletlib.o) (hdparm_main)
miscutils/lib.a(hexedit.o)    libbb/lib.a(appletlib.o) (hexedit_main)
miscutils/lib.a(i2c_tools.o)  libbb/lib.a(appletlib.o) (i2cget_main)
miscutils/lib.a(less.o)       libbb/lib.a(appletlib.o) (less_main)
miscutils/lib.a(lsscsi.o)     libbb/lib.a(appletlib.o) (lsscsi_main)
miscutils/lib.a(makedevs.o)   libbb/lib.a(appletlib.o) (makedevs_main)
miscutils/lib.a(man.o)        libbb/lib.a(appletlib.o) (man_main)
miscutils/lib.a(microcom.o)   libbb/lib.a(appletlib.o) (microcom_main)
miscutils/lib.a(mt.o)         libbb/lib.a(appletlib.o) (mt_main)
miscutils/lib.a(nandwrite.o)  libbb/lib.a(appletlib.o) (nandwrite_main)
miscutils/lib.a(partprobe.o)  libbb/lib.a(appletlib.o) (partprobe_main)
miscutils/lib.a(raidautorun.o)
                              libbb/lib.a(appletlib.o) (raidautorun_main)
miscutils/lib.a(readahead.o)  libbb/lib.a(appletlib.o) (readahead_main)
[...]
Memory Configuration

Name             Origin             Length             Attributes
*default*        0x0000000000000000 0xffffffffffffffff

Linker script and memory map

LOAD /usr/lib/gcc-cross/arm-linux-gnueabi/5/../../../../arm-linux-gnueabi/lib/../lib/crt1.o
LOAD /usr/lib/gcc-cross/arm-linux-gnueabi/5/../../../../arm-linux-gnueabi/lib/../lib/crti.o
LOAD /usr/lib/gcc-cross/arm-linux-gnueabi/5/crtbegin.o
START GROUP
LOAD applets/built-in.o
LOAD archival/lib.a
LOAD archival/libarchive/lib.a
LOAD console-tools/lib.a
LOAD coreutils/lib.a
LOAD coreutils/libcoreutils/lib.a
LOAD debianutils/lib.a
LOAD klibc-utils/lib.a
LOAD e2fsprogs/lib.a
LOAD editors/lib.a
LOAD findutils/lib.a
LOAD init/lib.a
LOAD libbb/lib.a
LOAD libpwdgrp/lib.a
LOAD loginutils/lib.a
LOAD mailutils/lib.a
LOAD miscutils/lib.a
LOAD modutils/lib.a
LOAD networking/lib.a
LOAD networking/libiproute/lib.a
LOAD networking/udhcp/lib.a
LOAD printutils/lib.a
LOAD procps/lib.a
LOAD runit/lib.a
LOAD selinux/lib.a
LOAD shell/lib.a
LOAD sysklogd/lib.a
LOAD util-linux/lib.a
LOAD util-linux/volume_id/lib.a
LOAD archival/built-in.o
LOAD archival/libarchive/built-in.o
LOAD console-tools/built-in.o
LOAD coreutils/built-in.o
LOAD coreutils/libcoreutils/built-in.o
LOAD debianutils/built-in.o
LOAD klibc-utils/built-in.o
LOAD e2fsprogs/built-in.o
LOAD editors/built-in.o
LOAD findutils/built-in.o
LOAD init/built-in.o
LOAD libbb/built-in.o
LOAD libpwdgrp/built-in.o
LOAD loginutils/built-in.o
LOAD mailutils/built-in.o
LOAD miscutils/built-in.o
LOAD modutils/built-in.o
LOAD networking/built-in.o
LOAD networking/libiproute/built-in.o
LOAD networking/udhcp/built-in.o
LOAD printutils/built-in.o
LOAD procps/built-in.o
LOAD runit/built-in.o
LOAD selinux/built-in.o
LOAD shell/built-in.o
LOAD sysklogd/built-in.o
LOAD util-linux/built-in.o
LOAD util-linux/volume_id/built-in.o
END GROUP
START GROUP
LOAD /usr/lib/gcc-cross/arm-linux-gnueabi/5/../../../../arm-linux-gnueabi/lib/../lib/libm.so
LOAD /usr/lib/gcc-cross/arm-linux-gnueabi/5/../../../../arm-linux-gnueabi/lib/../lib/libresolv.so
END GROUP
LOAD /usr/lib/gcc-cross/arm-linux-gnueabi/5/libgcc.a
LOAD /usr/lib/gcc-cross/arm-linux-gnueabi/5/libgcc_eh.a
LOAD /usr/lib/gcc-cross/arm-linux-gnueabi/5/../../../../arm-linux-gnueabi/lib/../lib/libc.so
START GROUP
LOAD /usr/arm-linux-gnueabi/lib/libc.so.6
LOAD /usr/arm-linux-gnueabi/lib/libc_nonshared.a
LOAD /usr/arm-linux-gnueabi/lib/ld-linux.so.3
END GROUP
LOAD /usr/lib/gcc-cross/arm-linux-gnueabi/5/libgcc.a
LOAD /usr/lib/gcc-cross/arm-linux-gnueabi/5/libgcc_eh.a
LOAD /usr/lib/gcc-cross/arm-linux-gnueabi/5/crtend.o
LOAD /usr/lib/gcc-cross/arm-linux-gnueabi/5/../../../../arm-linux-gnueabi/lib/../lib/crtn.o
                [!provide]                        PROVIDE (__executable_start = SEGMENT_START ("text-segment", 0x10000))
                0x0000000000010154                . = (SEGMENT_START ("text-segment", 0x10000) + SIZEOF_HEADERS)

.interp         0x0000000000010154       0x13
 *(SORT_BY_ALIGNMENT(.interp))
 .interp        0x0000000000010154       0x13 /usr/lib/gcc-cross/arm-linux-gnueabi/5/../../../../arm-linux-gnueabi/lib/../lib/crt1.o

.note.ABI-tag   0x0000000000010168       0x20
 .note.ABI-tag  0x0000000000010168       0x20 /usr/lib/gcc-cross/arm-linux-gnueabi/5/../../../../arm-linux-gnueabi/lib/../lib/crt1.o

.note.gnu.build-id
                0x0000000000010188       0x24
 *(SORT_BY_ALIGNMENT(.note.gnu.build-id))
 .note.gnu.build-id
                0x0000000000010188       0x24 linker stubs

.hash
 *(SORT_BY_ALIGNMENT(.hash))

.gnu.hash       0x00000000000101ac      0xc3c
 *(SORT_BY_ALIGNMENT(.gnu.hash))
 .gnu.hash      0x00000000000101ac      0xc3c /usr/lib/gcc-cross/arm-linux-gnueabi/5/../../../../arm-linux-gnueabi/lib/../lib/crt1.o

.dynsym         0x0000000000010de8     0x1990
 *(SORT_BY_ALIGNMENT(.dynsym))
 .dynsym        0x0000000000010de8     0x1990 /usr/lib/gcc-cross/arm-linux-gnueabi/5/../../../../arm-linux-gnueabi/lib/../lib/crt1.o

.dynstr         0x0000000000012778      0xeb1
 *(SORT_BY_ALIGNMENT(.dynstr))
 .dynstr        0x0000000000012778      0xeb1 /usr/lib/gcc-cross/arm-linux-gnueabi/5/../../../../arm-linux-gnueabi/lib/../lib/crt1.o

.gnu.version    0x000000000001362a      0x332
 *(SORT_BY_ALIGNMENT(.gnu.version))
 .gnu.version   0x000000000001362a      0x332 /usr/lib/gcc-cross/arm-linux-gnueabi/5/../../../../arm-linux-gnueabi/lib/../lib/crt1.o

.gnu.version_d  0x000000000001395c        0x0
 *(SORT_BY_ALIGNMENT(.gnu.version_d))
 .gnu.version_d
                0x000000000001395c        0x0 /usr/lib/gcc-cross/arm-linux-gnueabi/5/../../../../arm-linux-gnueabi/lib/../lib/crt1.o

.gnu.version_r  0x000000000001395c      0x100
 *(SORT_BY_ALIGNMENT(.gnu.version_r))
 .gnu.version_r
                0x000000000001395c      0x100 /usr/lib/gcc-cross/arm-linux-gnueabi/5/../../../../arm-linux-gnueabi/lib/../lib/crt1.o

.rel.dyn        0x0000000000013a5c       0xd8
 *(SORT_BY_ALIGNMENT(.rel.init))
 *(SORT_BY_ALIGNMENT(.rel.text) SORT_BY_ALIGNMENT(.rel.text.*) SORT_BY_ALIGNMENT(.rel.gnu.linkonce.t.*))
 *(SORT_BY_ALIGNMENT(.rel.fini))
 *(SORT_BY_ALIGNMENT(.rel.rodata) SORT_BY_ALIGNMENT(.rel.rodata.*) SORT_BY_ALIGNMENT(.rel.gnu.linkonce.r.*))
 *(SORT_BY_ALIGNMENT(.rel.data.rel.ro) SORT_BY_ALIGNMENT(.rel.data.rel.ro.*) SORT_BY_ALIGNMENT(.rel.gnu.linkonce.d.rel.ro.*))
 .rel.data.rel.ro
                0x0000000000013a5c        0x0 /usr/lib/gcc-cross/arm-linux-gnueabi/5/../../../../arm-linux-gnueabi/lib/../lib/crt1.o
 *(SORT_BY_ALIGNMENT(.rel.data) SORT_BY_ALIGNMENT(.rel.data.*) SORT_BY_ALIGNMENT(.rel.gnu.linkonce.d.*))
 *(SORT_BY_ALIGNMENT(.rel.tdata) SORT_BY_ALIGNMENT(.rel.tdata.*) SORT_BY_ALIGNMENT(.rel.gnu.linkonce.td.*))
 *(SORT_BY_ALIGNMENT(.rel.tbss) SORT_BY_ALIGNMENT(.rel.tbss.*) SORT_BY_ALIGNMENT(.rel.gnu.linkonce.tb.*))
 *(SORT_BY_ALIGNMENT(.rel.ctors))
 *(SORT_BY_ALIGNMENT(.rel.dtors))
 *(SORT_BY_ALIGNMENT(.rel.got))
 .rel.got       0x0000000000013a5c       0xd8 /usr/lib/gcc-cross/arm-linux-gnueabi/5/../../../../arm-linux-gnueabi/lib/../lib/crt1.o
 *(SORT_BY_ALIGNMENT(.rel.bss) SORT_BY_ALIGNMENT(.rel.bss.*) SORT_BY_ALIGNMENT(.rel.gnu.linkonce.b.*))
 .rel.bss       0x0000000000013b34        0x0 /usr/lib/gcc-cross/arm-linux-gnueabi/5/../../../../arm-linux-gnueabi/lib/../lib/crt1.o
                [!provide]                        PROVIDE (__rel_iplt_start = .)
 *(SORT_BY_ALIGNMENT(.rel.iplt))
 .rel.iplt      0x0000000000013b34        0x0 /usr/lib/gcc-cross/arm-linux-gnueabi/5/../../../../arm-linux-gnueabi/lib/../lib/crt1.o
                [!provide]                        PROVIDE (__rel_iplt_end = .)

.rela.dyn       0x0000000000013b34        0x0
 *(SORT_BY_ALIGNMENT(.rela.init))
 *(SORT_BY_ALIGNMENT(.rela.text) SORT_BY_ALIGNMENT(.rela.text.*) SORT_BY_ALIGNMENT(.rela.gnu.linkonce.t.*))
 *(SORT_BY_ALIGNMENT(.rela.fini))
 *(SORT_BY_ALIGNMENT(.rela.rodata) SORT_BY_ALIGNMENT(.rela.rodata.*) SORT_BY_ALIGNMENT(.rela.gnu.linkonce.r.*))
 *(SORT_BY_ALIGNMENT(.rela.data) SORT_BY_ALIGNMENT(.rela.data.*) SORT_BY_ALIGNMENT(.rela.gnu.linkonce.d.*))
 *(SORT_BY_ALIGNMENT(.rela.tdata) SORT_BY_ALIGNMENT(.rela.tdata.*) SORT_BY_ALIGNMENT(.rela.gnu.linkonce.td.*))
 *(SORT_BY_ALIGNMENT(.rela.tbss) SORT_BY_ALIGNMENT(.rela.tbss.*) SORT_BY_ALIGNMENT(.rela.gnu.linkonce.tb.*))
 *(SORT_BY_ALIGNMENT(.rela.ctors))
 *(SORT_BY_ALIGNMENT(.rela.dtors))
 *(SORT_BY_ALIGNMENT(.rela.got))
 *(SORT_BY_ALIGNMENT(.rela.bss) SORT_BY_ALIGNMENT(.rela.bss.*) SORT_BY_ALIGNMENT(.rela.gnu.linkonce.b.*))
                [!provide]                        PROVIDE (__rela_iplt_start = .)
 *(SORT_BY_ALIGNMENT(.rela.iplt))
                [!provide]                        PROVIDE (__rela_iplt_end = .)

.rel.plt        0x0000000000013b34      0xc28
 *(SORT_BY_ALIGNMENT(.rel.plt))
 .rel.plt       0x0000000000013b34      0xc28 /usr/lib/gcc-cross/arm-linux-gnueabi/5/../../../../arm-linux-gnueabi/lib/../lib/crt1.o

.rela.plt
 *(SORT_BY_ALIGNMENT(.rela.plt))

.init           0x000000000001475c        0xc
 *(SORT_NONE(.init))
 .init          0x000000000001475c        0x8 /usr/lib/gcc-cross/arm-linux-gnueabi/5/../../../../arm-linux-gnueabi/lib/../lib/crti.o
                0x000000000001475c                _init
 .init          0x0000000000014764        0x4 /usr/lib/gcc-cross/arm-linux-gnueabi/5/../../../../arm-linux-gnueabi/lib/../lib/crtn.o

.plt            0x0000000000014768     0x1250
 *(SORT_BY_ALIGNMENT(.plt))
 .plt           0x0000000000014768     0x1250 /usr/lib/gcc-cross/arm-linux-gnueabi/5/../../../../arm-linux-gnueabi/lib/../lib/crt1.o
                0x000000000001477c                fdopen@@GLIBC_2.4
                0x0000000000014788                sched_get_priority_min@@GLIBC_2.4
                0x0000000000014794                fputs_unlocked@@GLIBC_2.4
                0x00000000000147a0                strstr@@GLIBC_2.4
                0x00000000000147ac                gnu_dev_major@@GLIBC_2.4
                0x00000000000147b8                ether_hostton@@GLIBC_2.4
                0x00000000000147c4                raise@@GLIBC_2.4
                0x00000000000147d0                cfmakeraw@@GLIBC_2.4
                0x00000000000147dc                sendfile64@@GLIBC_2.4
                0x00000000000147e8                gmtime_r@@GLIBC_2.4
                0x00000000000147f4                log@@GLIBC_2.4
                0x0000000000014800                strverscmp@@GLIBC_2.4
                0x000000000001480c                inet_aton@@GLIBC_2.4
                0x0000000000014818                fsync@@GLIBC_2.4
                0x0000000000014824                setitimer@@GLIBC_2.4
                0x0000000000014830                setbuf@@GLIBC_2.4
                0x000000000001483c                strcasestr@@GLIBC_2.4
                0x0000000000014848                strcmp@@GLIBC_2.4
                0x0000000000014854                ns_name_uncompress@@GLIBC_2.9
                0x0000000000014860                strtol@@GLIBC_2.4
                0x000000000001486c                setsockopt@@GLIBC_2.4
                0x0000000000014878                strcspn@@GLIBC_2.4
                0x0000000000014884                times@@GLIBC_2.4
                0x0000000000014890                gnu_dev_makedev@@GLIBC_2.4
                0x000000000001489c                pause@@GLIBC_2.4
                0x00000000000148a8                clearenv@@GLIBC_2.4
                0x00000000000148b4                hstrerror@@GLIBC_2.4
                0x00000000000148c0                gnu_dev_minor@@GLIBC_2.4
                0x00000000000148cc                getusershell@@GLIBC_2.4
                0x00000000000148d8                regerror@@GLIBC_2.4
                0x00000000000148e4                setrlimit64@@GLIBC_2.4
                0x00000000000148f0                getifaddrs@@GLIBC_2.4
                0x00000000000148fc                read@@GLIBC_2.4
                0x0000000000014908                tcflush@@GLIBC_2.4
                0x0000000000014914                mktime@@GLIBC_2.4
                0x0000000000014920                fflush@@GLIBC_2.4
                0x000000000001492c                utmpxname@@GLIBC_2.4
                0x0000000000014938                getuid@@GLIBC_2.4
                0x0000000000014944                sigprocmask@@GLIBC_2.4
                0x0000000000014950                _setjmp@@GLIBC_2.4
                0x000000000001495c                memmove@@GLIBC_2.4
                0x0000000000014968                __memmove_chk@@GLIBC_2.4
                0x0000000000014974                strchrnul@@GLIBC_2.4
                0x0000000000014980                free@@GLIBC_2.4
                0x000000000001498c                unshare@@GLIBC_2.4
                0x0000000000014998                getresgid@@GLIBC_2.4
                0x00000000000149a4                nanosleep@@GLIBC_2.4
                0x00000000000149b0                fileno_unlocked@@GLIBC_2.4
                0x00000000000149bc                inet_pton@@GLIBC_2.4
                0x00000000000149c8                _exit@@GLIBC_2.4
                0x00000000000149d4                __vsnprintf_chk@@GLIBC_2.4
                0x00000000000149e0                pututxline@@GLIBC_2.4
                0x00000000000149ec                memcpy@@GLIBC_2.4
                0x00000000000149f8                tcsendbreak@@GLIBC_2.4
                0x0000000000014a04                __memset_chk@@GLIBC_2.4
                0x0000000000014a10                pivot_root@@GLIBC_2.4
                0x0000000000014a1c                execvp@@GLIBC_2.4
                0x0000000000014a28                execlp@@GLIBC_2.4
                0x0000000000014a34                mmap64@@GLIBC_2.4
                0x0000000000014a40                shmget@@GLIBC_2.4
                0x0000000000014a4c                signal@@GLIBC_2.4
                0x0000000000014a58                time@@GLIBC_2.4
                0x0000000000014a64                rmdir@@GLIBC_2.4
                0x0000000000014a70                gethostid@@GLIBC_2.4
                0x0000000000014a7c                tcsetpgrp@@GLIBC_2.4
                0x0000000000014a88                sendmsg@@GLIBC_2.4
                0x0000000000014a94                pow@@GLIBC_2.4
                0x0000000000014aa0                ftruncate64@@GLIBC_2.4
                0x0000000000014aac                memcmp@@GLIBC_2.4
                0x0000000000014ab8                __vprintf_chk@@GLIBC_2.4
                0x0000000000014ac4                inet_ntoa@@GLIBC_2.4
                0x0000000000014ad0                select@@GLIBC_2.4
                0x0000000000014adc                swapon@@GLIBC_2.4
                0x0000000000014ae8                sleep@@GLIBC_2.4
                0x0000000000014af4                stpcpy@@GLIBC_2.4
                0x0000000000014b00                fputc_unlocked@@GLIBC_2.4
                0x0000000000014b0c                freeifaddrs@@GLIBC_2.4
                0x0000000000014b18                getc_unlocked@@GLIBC_2.4
                0x0000000000014b24                uname@@GLIBC_2.4
                0x0000000000014b30                ctime@@GLIBC_2.4
                0x0000000000014b3c                gethostbyaddr@@GLIBC_2.4
                0x0000000000014b48                recvfrom@@GLIBC_2.4
                0x0000000000014b54                __strncpy_chk@@GLIBC_2.4
                0x0000000000014b60                strdup@@GLIBC_2.4
                0x0000000000014b6c                setutxent@@GLIBC_2.4
                0x0000000000014b78                syncfs@@GLIBC_2.14
                0x0000000000014b84                __stack_chk_fail@@GLIBC_2.4
                0x0000000000014b90                cfgetispeed@@GLIBC_2.4
                0x0000000000014b9c                rewind@@GLIBC_2.4
                0x0000000000014ba8                alarm@@GLIBC_2.4
                0x0000000000014bb4                msgctl@@GLIBC_2.4
                0x0000000000014bc0                sysconf@@GLIBC_2.4
                0x0000000000014bcc                unlink@@GLIBC_2.4
                0x0000000000014bd8                dup2@@GLIBC_2.4
                0x0000000000014be4                reboot@@GLIBC_2.4
                0x0000000000014bf0                getrlimit64@@GLIBC_2.4
                0x0000000000014bfc                realloc@@GLIBC_2.4
                0x0000000000014c08                strptime@@GLIBC_2.4
                0x0000000000014c14                dup@@GLIBC_2.4
                0x0000000000014c20                socketpair@@GLIBC_2.4
                0x0000000000014c2c                atoll@@GLIBC_2.4
                0x0000000000014c38                getpriority@@GLIBC_2.4
                0x0000000000014c44                __fdelt_chk@@GLIBC_2.15
                0x0000000000014c50                setns@@GLIBC_2.14
                0x0000000000014c5c                sigismember@@GLIBC_2.4
                0x0000000000014c68                regexec@@GLIBC_2.4
                0x0000000000014c74                localtime_r@@GLIBC_2.4
                0x0000000000014c80                wait@@GLIBC_2.4
                0x0000000000014c8c                getlogin_r@@GLIBC_2.4
                0x0000000000014c98                ns_initparse@@GLIBC_2.9
                0x0000000000014ca4                shmat@@GLIBC_2.4
                0x0000000000014cb0                sigisemptyset@@GLIBC_2.4
                0x0000000000014cbc                chdir@@GLIBC_2.4
                0x0000000000014cc8                strcasecmp@@GLIBC_2.4
                0x0000000000014cd4                getpgrp@@GLIBC_2.4
                0x0000000000014ce0                unlockpt@@GLIBC_2.4
                0x0000000000014cec                geteuid@@GLIBC_2.4
                0x0000000000014cf8                strsignal@@GLIBC_2.4
                0x0000000000014d04                tzset@@GLIBC_2.4
                0x0000000000014d10                poll@@GLIBC_2.4
                0x0000000000014d1c                accept@@GLIBC_2.4
                0x0000000000014d28                setgroups@@GLIBC_2.4
                0x0000000000014d34                cfsetospeed@@GLIBC_2.4
                0x0000000000014d40                semop@@GLIBC_2.4
                0x0000000000014d4c                seteuid@@GLIBC_2.4
                0x0000000000014d58                __fxstat64@@GLIBC_2.4
                0x0000000000014d64                __poll_chk@@GLIBC_2.16
                0x0000000000014d70                readlink@@GLIBC_2.4
                0x0000000000014d7c                getegid@@GLIBC_2.4
                0x0000000000014d88                sigaction@@GLIBC_2.4
                0x0000000000014d94                __memcpy_chk@@GLIBC_2.4
                0x0000000000014da0                fwrite@@GLIBC_2.4
                0x0000000000014dac                strcat@@GLIBC_2.4
                0x0000000000014db8                getsockopt@@GLIBC_2.4
                0x0000000000014dc4                ioctl@@GLIBC_2.4
                0x0000000000014dd0                sched_getscheduler@@GLIBC_2.4
                0x0000000000014ddc                lseek64@@GLIBC_2.4
                0x0000000000014de8                regfree@@GLIBC_2.4
                0x0000000000014df4                strtoll@@GLIBC_2.4
                0x0000000000014e00                capget@@GLIBC_2.4
                0x0000000000014e0c                usleep@@GLIBC_2.4
                0x0000000000014e18                readahead@@GLIBC_2.4
                0x0000000000014e24                waitpid@@GLIBC_2.4
                0x0000000000014e30                hasmntopt@@GLIBC_2.4
                0x0000000000014e3c                tcsetattr@@GLIBC_2.4
                0x0000000000014e48                munlock@@GLIBC_2.4
                0x0000000000014e54                strcpy@@GLIBC_2.4
                0x0000000000014e60                chroot@@GLIBC_2.4
                0x0000000000014e6c                gettimeofday@@GLIBC_2.4
                0x0000000000014e78                __strcpy_chk@@GLIBC_2.4
                0x0000000000014e84                fread@@GLIBC_2.4
                0x0000000000014e90                pread64@@GLIBC_2.4
                0x0000000000014e9c                sched_yield@@GLIBC_2.4
                0x0000000000014ea8                ptsname_r@@GLIBC_2.4
                0x0000000000014eb4                ferror_unlocked@@GLIBC_2.4
                0x0000000000014ec0                shmctl@@GLIBC_2.4
                0x0000000000014ecc                creat64@@GLIBC_2.4
                0x0000000000014ed8                strtok_r@@GLIBC_2.4
                0x0000000000014ee4                daemon@@GLIBC_2.4
                0x0000000000014ef0                getmntent@@GLIBC_2.4
                0x0000000000014efc                opendir@@GLIBC_2.4
                0x0000000000014f08                umount2@@GLIBC_2.4
                0x0000000000014f14                fnmatch@@GLIBC_2.4
                0x0000000000014f20                open64@@GLIBC_2.4
                0x0000000000014f2c                sched_get_priority_max@@GLIBC_2.4
                0x0000000000014f38                __asprintf_chk@@GLIBC_2.8
                0x0000000000014f44                getenv@@GLIBC_2.4
                0x0000000000014f50                setpriority@@GLIBC_2.4
                0x0000000000014f5c                mkstemp64@@GLIBC_2.4
                0x0000000000014f68                puts@@GLIBC_2.4
                0x0000000000014f74                setgid@@GLIBC_2.4
                0x0000000000014f80                sysinfo@@GLIBC_2.4
                0x0000000000014f8c                malloc@@GLIBC_2.4
                0x0000000000014f98                settimeofday@@GLIBC_2.4
                0x0000000000014fa4                sigaddset@@GLIBC_2.4
                0x0000000000014fb0                __libc_start_main@@GLIBC_2.4
                0x0000000000014fbc                strerror@@GLIBC_2.4
                0x0000000000014fc8                system@@GLIBC_2.4
                0x0000000000014fd4                strftime@@GLIBC_2.4
                0x0000000000014fe0                tcdrain@@GLIBC_2.4
                0x0000000000014fec                __h_errno_location@@GLIBC_2.4
                0x0000000000014ff8                adjtimex@@GLIBC_2.4
                0x0000000000015004                __vfprintf_chk@@GLIBC_2.4
                0x0000000000015010                localtime@@GLIBC_2.4
                0x000000000001501c                strsep@@GLIBC_2.4
                0x0000000000015028                mktemp@@GLIBC_2.4
                0x0000000000015034                scanf@@GLIBC_2.4
                0x0000000000015040                closelog@@GLIBC_2.4
                0x000000000001504c                sethostname@@GLIBC_2.4
                0x0000000000015058                dirname@@GLIBC_2.4
                0x0000000000015070                freopen64@@GLIBC_2.4
                0x000000000001507c                mempcpy@@GLIBC_2.4
                0x0000000000015088                rename@@GLIBC_2.4
                0x0000000000015094                getopt_long@@GLIBC_2.4
                0x00000000000150a0                kill@@GLIBC_2.4
                0x00000000000150ac                glob64@@GLIBC_2.27
                0x00000000000150b8                getcwd@@GLIBC_2.4
                0x00000000000150c4                getpid@@GLIBC_2.4
                0x00000000000150d0                exit@@GLIBC_2.4
                0x00000000000150dc                syscall@@GLIBC_2.4
                0x00000000000150e8                sin@@GLIBC_2.4
                0x00000000000150f4                flock@@GLIBC_2.4
                0x0000000000015100                strtoul@@GLIBC_2.4
                0x000000000001510c                tcgetpgrp@@GLIBC_2.4
                0x0000000000015118                strlen@@GLIBC_2.4
                0x0000000000015124                getchar_unlocked@@GLIBC_2.4
                0x0000000000015130                setsid@@GLIBC_2.4
                0x000000000001513c                setpgrp@@GLIBC_2.4
                0x0000000000015148                __libc_current_sigrtmax@@GLIBC_2.4
                0x0000000000015154                sched_getparam@@GLIBC_2.4
                0x0000000000015160                strchr@@GLIBC_2.4
                0x000000000001516c                srand@@GLIBC_2.4
                0x0000000000015178                setenv@@GLIBC_2.4
                0x0000000000015184                personality@@GLIBC_2.4
                0x0000000000015190                memrchr@@GLIBC_2.4
                0x000000000001519c                ttyname_r@@GLIBC_2.4
                0x00000000000151a8                fchown@@GLIBC_2.4
                0x00000000000151b4                execve@@GLIBC_2.4
                0x00000000000151c0                nice@@GLIBC_2.4
                0x00000000000151cc                getopt@@GLIBC_2.4
                0x00000000000151d8                getpagesize@@GLIBC_2.4
                0x00000000000151e4                cfsetispeed@@GLIBC_2.4
                0x00000000000151f0                chown@@GLIBC_2.4
                0x00000000000151fc                ungetc@@GLIBC_2.4
                0x0000000000015208                fcntl@@GLIBC_2.4
                0x0000000000015214                grantpt@@GLIBC_2.4
                0x0000000000015220                execv@@GLIBC_2.4
                0x000000000001522c                sqrt@@GLIBC_2.4
                0x0000000000015238                __open64_2@@GLIBC_2.7
                0x0000000000015244                cfgetospeed@@GLIBC_2.4
                0x0000000000015250                sigfillset@@GLIBC_2.4
                0x000000000001525c                __errno_location@@GLIBC_2.4
                0x0000000000015268                __strcat_chk@@GLIBC_2.4
                0x0000000000015274                strncasecmp@@GLIBC_2.4
                0x0000000000015280                getservbyname@@GLIBC_2.4
                0x000000000001528c                klogctl@@GLIBC_2.4
                0x0000000000015298                __sprintf_chk@@GLIBC_2.4
                0x00000000000152a4                __vasprintf_chk@@GLIBC_2.8
                0x00000000000152b0                mkdir@@GLIBC_2.4
                0x00000000000152bc                semget@@GLIBC_2.4
                0x00000000000152c8                bind@@GLIBC_2.4
                0x00000000000152d4                setvbuf@@GLIBC_2.4
                0x00000000000152e0                getservbyport@@GLIBC_2.4
                0x00000000000152ec                getgid@@GLIBC_2.4
                0x00000000000152f8                memset@@GLIBC_2.4
                0x0000000000015304                getmntent_r@@GLIBC_2.4
                0x0000000000015310                bsearch@@GLIBC_2.4
                0x000000000001531c                sigtimedwait@@GLIBC_2.4
                0x0000000000015328                utimes@@GLIBC_2.4
                0x0000000000015334                strncpy@@GLIBC_2.4
                0x0000000000015340                fscanf@@GLIBC_2.4
                0x000000000001534c                mallopt@@GLIBC_2.4
                0x0000000000015358                sigsuspend@@GLIBC_2.4
                0x0000000000015364                strtoull@@GLIBC_2.4
                0x0000000000015370                ns_get16@@GLIBC_2.9
                0x000000000001537c                wait3@@GLIBC_2.4
                0x0000000000015388                __printf_chk@@GLIBC_2.4
                0x0000000000015394                statvfs64@@GLIBC_2.4
                0x00000000000153a0                prctl@@GLIBC_2.4
                0x00000000000153ac                strtod@@GLIBC_2.4
                0x00000000000153b8                link@@GLIBC_2.4
                0x00000000000153c4                write@@GLIBC_2.4
                0x00000000000153d0                sigdelset@@GLIBC_2.4
                0x00000000000153dc                mlock@@GLIBC_2.4
                0x00000000000153e8                getopt_long_only@@GLIBC_2.4
                0x00000000000153f4                __fprintf_chk@@GLIBC_2.4
                0x0000000000015400                ether_aton_r@@GLIBC_2.4
                0x000000000001540c                shmdt@@GLIBC_2.4
                0x0000000000015418                vfork@@GLIBC_2.4
                0x0000000000015424                memchr@@GLIBC_2.4
                0x0000000000015430                sched_setaffinity@@GLIBC_2.4
                0x000000000001543c                access@@GLIBC_2.4
                0x0000000000015448                rand@@GLIBC_2.4
                0x0000000000015454                setegid@@GLIBC_2.4
                0x0000000000015460                fclose@@GLIBC_2.4
                0x000000000001546c                getsid@@GLIBC_2.4
                0x0000000000015478                strnlen@@GLIBC_2.4
                0x0000000000015484                pipe@@GLIBC_2.4
                0x0000000000015490                fseeko64@@GLIBC_2.4
                0x000000000001549c                endmntent@@GLIBC_2.4
                0x00000000000154a8                __fread_chk@@GLIBC_2.7
                0x00000000000154b4                munmap@@GLIBC_2.4
                0x00000000000154c0                posix_fallocate64@@GLIBC_2.4
                0x00000000000154cc                __longjmp_chk@@GLIBC_2.11
                0x00000000000154d8                strtok@@GLIBC_2.4
                0x00000000000154e4                semctl@@GLIBC_2.4
                0x00000000000154f0                __syslog_chk@@GLIBC_2.4
                0x00000000000154fc                sendto@@GLIBC_2.4
                0x0000000000015508                shutdown@@GLIBC_2.4
                0x0000000000015514                endutxent@@GLIBC_2.4
                0x0000000000015520                sigemptyset@@GLIBC_2.4
                0x000000000001552c                popen@@GLIBC_2.4
                0x0000000000015538                getresuid@@GLIBC_2.4
                0x0000000000015544                fork@@GLIBC_2.4
                0x0000000000015550                execle@@GLIBC_2.4
                0x000000000001555c                putenv@@GLIBC_2.4
                0x0000000000015568                stime@@GLIBC_2.4
                0x0000000000015574                getnameinfo@@GLIBC_2.4
                0x0000000000015580                execl@@GLIBC_2.4
                0x000000000001558c                strrchr@@GLIBC_2.4
                0x0000000000015598                listen@@GLIBC_2.4
                0x00000000000155a4                ns_parserr@@GLIBC_2.9
                0x00000000000155b0                statfs64@@GLIBC_2.4
                0x00000000000155bc                __sigsetjmp@@GLIBC_2.4
                0x00000000000155c8                lchown@@GLIBC_2.4
                0x00000000000155d4                fputc@@GLIBC_2.4
                0x00000000000155e0                globfree64@@GLIBC_2.4
                0x00000000000155ec                setresuid@@GLIBC_2.4
                0x00000000000155f8                symlink@@GLIBC_2.4
                0x0000000000015604                updwtmpx@@GLIBC_2.4
                0x0000000000015610                setuid@@GLIBC_2.4
                0x000000000001561c                sscanf@@GLIBC_2.4
                0x0000000000015628                setpgid@@GLIBC_2.4
                0x0000000000015634                clearerr@@GLIBC_2.4
                0x0000000000015640                readdir64@@GLIBC_2.4
                0x000000000001564c                __dprintf_chk@@GLIBC_2.8
                0x0000000000015658                mkdtemp@@GLIBC_2.4
                0x0000000000015664                openlog@@GLIBC_2.4
                0x0000000000015670                regcomp@@GLIBC_2.4
                0x000000000001567c                getgroups@@GLIBC_2.4
                0x0000000000015688                exp@@GLIBC_2.4
                0x0000000000015694                getsockname@@GLIBC_2.4
                0x00000000000156a0                getppid@@GLIBC_2.4
                0x00000000000156ac                atoi@@GLIBC_2.4
                0x00000000000156b8                recvmsg@@GLIBC_2.4
                0x00000000000156c4                fchdir@@GLIBC_2.4
                0x00000000000156d0                fopen64@@GLIBC_2.4
                0x00000000000156dc                qsort@@GLIBC_2.4
                0x00000000000156e8                getpeername@@GLIBC_2.4
                0x00000000000156f4                strpbrk@@GLIBC_2.4
                0x0000000000015700                msgget@@GLIBC_2.4
                0x000000000001570c                freeaddrinfo@@GLIBC_2.4
                0x0000000000015718                getaddrinfo@@GLIBC_2.4
                0x0000000000015724                acct@@GLIBC_2.4
                0x0000000000015730                capset@@GLIBC_2.4
                0x000000000001573c                inet_ntop@@GLIBC_2.4
                0x0000000000015748                fgets_unlocked@@GLIBC_2.4
                0x0000000000015754                socket@@GLIBC_2.4
                0x0000000000015760                sched_getaffinity@@GLIBC_2.4
                0x000000000001576c                setmntent@@GLIBC_2.4
                0x0000000000015778                ns_get32@@GLIBC_2.9
                0x0000000000015784                cfsetspeed@@GLIBC_2.4
                0x0000000000015790                atof@@GLIBC_2.4
                0x000000000001579c                inet_addr@@GLIBC_2.4
                0x00000000000157a8                __cmsg_nxthdr@@GLIBC_2.4
                0x00000000000157b4                sync@@GLIBC_2.4
                0x00000000000157c0                getline@@GLIBC_2.4
                0x00000000000157cc                __libc_current_sigrtmin@@GLIBC_2.4
                0x00000000000157d8                if_nametoindex@@GLIBC_2.4
                0x00000000000157e4                umask@@GLIBC_2.4
                0x00000000000157f0                swapoff@@GLIBC_2.4
                0x00000000000157fc                chmod@@GLIBC_2.4
                0x0000000000015808                gethostbyname@@GLIBC_2.4
                0x0000000000015814                __xstat64@@GLIBC_2.4
                0x0000000000015820                isatty@@GLIBC_2.4
                0x000000000001582c                __xmknod@@GLIBC_2.4
                0x0000000000015838                unsetenv@@GLIBC_2.4
                0x0000000000015844                fputs@@GLIBC_2.4
                0x0000000000015850                __res_mkquery@@GLIBC_2.4
                0x000000000001585c                strncmp@@GLIBC_2.4
                0x0000000000015868                fdatasync@@GLIBC_2.4
                0x0000000000015874                abort@@GLIBC_2.4
                0x0000000000015880                feof_unlocked@@GLIBC_2.4
                0x000000000001588c                getutxent@@GLIBC_2.4
                0x0000000000015898                recv@@GLIBC_2.4
                0x00000000000158a4                realpath@@GLIBC_2.4
                0x00000000000158b0                close@@GLIBC_2.4
                0x00000000000158bc                __lxstat64@@GLIBC_2.4
                0x00000000000158c8                setresgid@@GLIBC_2.4
                0x00000000000158d4                mkfifo@@GLIBC_2.4
                0x00000000000158e0                send@@GLIBC_2.4
                0x00000000000158ec                connect@@GLIBC_2.4
                0x00000000000158f8                closedir@@GLIBC_2.4
                0x0000000000015904                div@@GLIBC_2.4
                0x0000000000015910                atan2@@GLIBC_2.4
                0x000000000001591c                __snprintf_chk@@GLIBC_2.4
                0x0000000000015928                sched_setscheduler@@GLIBC_2.4
                0x0000000000015934                putchar_unlocked@@GLIBC_2.4
                0x0000000000015940                strspn@@GLIBC_2.4
                0x000000000001594c                __mempcpy_chk@@GLIBC_2.4
                0x0000000000015958                fchmod@@GLIBC_2.4
                0x0000000000015964                cos@@GLIBC_2.4
                0x0000000000015970                tcgetattr@@GLIBC_2.4
                0x000000000001597c                putc_unlocked@@GLIBC_2.4
                0x0000000000015988                tcgetsid@@GLIBC_2.4
                0x0000000000015994                ftello64@@GLIBC_2.4
                0x00000000000159a0                pclose@@GLIBC_2.4
                0x00000000000159ac                mount@@GLIBC_2.4

.iplt           0x00000000000159b8        0x0
 *(SORT_BY_ALIGNMENT(.iplt))
 .iplt          0x00000000000159b8        0x0 /usr/lib/gcc-cross/arm-linux-gnueabi/5/../../../../arm-linux-gnueabi/lib/../lib/crt1.o

.text           0x00000000000159b8    0xfbe44
 *(SORT_BY_ALIGNMENT(.text.unlikely) SORT_BY_ALIGNMENT(.text.*_unlikely) SORT_BY_ALIGNMENT(.text.unlikely.*))
 *(SORT_BY_ALIGNMENT(.text.exit) SORT_BY_ALIGNMENT(.text.exit.*))
 *(SORT_BY_ALIGNMENT(.text.startup) SORT_BY_ALIGNMENT(.text.startup.*))
 *(SORT_BY_ALIGNMENT(.text.hot) SORT_BY_ALIGNMENT(.text.hot.*))
 *(SORT_BY_ALIGNMENT(.text) SORT_BY_ALIGNMENT(.stub) SORT_BY_ALIGNMENT(.text.*) SORT_BY_ALIGNMENT(.gnu.linkonce.t.*))
 .text.identify
                0x00000000000159b8     0x1690 miscutils/lib.a(hdparm.o)
 .text.df_main  0x0000000000017048      0x5b8 coreutils/lib.a(df.o)
                0x0000000000017048                df_main
 .text.smart_ulltoa5
                0x0000000000017600      0x260 libbb/lib.a(human_readable.o)
                0x0000000000017600                smart_ulltoa5
 .text          0x0000000000017860       0x3c /usr/lib/gcc-cross/arm-linux-gnueabi/5/../../../../arm-linux-gnueabi/lib/../lib/crt1.o
                0x0000000000017860                _start
 .text          0x000000000001789c       0x24 /usr/lib/gcc-cross/arm-linux-gnueabi/5/../../../../arm-linux-gnueabi/lib/../lib/crti.o
 .text          0x00000000000178c0       0xc8 /usr/lib/gcc-cross/arm-linux-gnueabi/5/crtbegin.o
 .text.main     0x0000000000017988        0x8 applets/built-in.o
                0x0000000000017988                main
 .text.get_trimmed_slice
                0x0000000000017990       0x2c libbb/lib.a(appletlib.o)
 .text.string_array_len
                0x00000000000179bc       0x24 libbb/lib.a(appletlib.o)
                0x00000000000179bc                string_array_len
 .text.find_applet_by_name
                0x00000000000179e0       0xc4 libbb/lib.a(appletlib.o)
                0x00000000000179e0                find_applet_by_name
 .text.bb_show_usage
                0x0000000000017aa4       0xfc libbb/lib.a(appletlib.o)
                0x0000000000017aa4                bb_show_usage
 .text.find_script_by_name
                0x0000000000017ba0       0x14 libbb/lib.a(appletlib.o)
 .text.scripted_main
                0x0000000000017bb4       0x38 libbb/lib.a(appletlib.o)
                0x0000000000017bb4                scripted_main
 .text.parse_config_file
                0x0000000000017bec      0x3e0 libbb/lib.a(appletlib.o)
 .text.lbb_prepare
                0x0000000000017fcc       0x30 libbb/lib.a(appletlib.o)
                0x0000000000017fcc                lbb_prepare
 .text.get_script_content
                0x0000000000017ffc       0x48 libbb/lib.a(appletlib.o)
                0x0000000000017ffc                get_script_content
 .text.run_applet_no_and_exit
                0x0000000000018044      0x288 libbb/lib.a(appletlib.o)
                0x0000000000018044                run_applet_no_and_exit
 .text.run_applet_and_exit
                0x00000000000182cc      0x488 libbb/lib.a(appletlib.o)
 .text.lbb_main
                0x0000000000018754       0x7c libbb/lib.a(appletlib.o)
                0x0000000000018754                lbb_main
 .text.is_prefixed_with
                0x00000000000187d0       0x30 libbb/lib.a(compare_string_array.o)
                0x00000000000187d0                is_prefixed_with
 .text.is_suffixed_with
                0x0000000000018800       0x50 libbb/lib.a(compare_string_array.o)
                0x0000000000018800                is_suffixed_with
 .text.index_in_strings
                0x0000000000018850       0x58 libbb/lib.a(compare_string_array.o)
                0x0000000000018850                index_in_strings
 .text.index_in_substrings
                0x00000000000188a8       0x90 libbb/lib.a(compare_string_array.o)
                0x00000000000188a8                index_in_substrings
 .text.nth_string
                0x0000000000018938       0x34 libbb/lib.a(compare_string_array.o)
                0x0000000000018938                nth_string
 .text.concat_path_file
                0x000000000001896c       0x70 libbb/lib.a(concat_path_file.o)
                0x000000000001896c                concat_path_file
 .text.bb_basename
                0x00000000000189dc       0x20 libbb/lib.a(get_last_path_component.o)
                0x00000000000189dc                bb_basename
 .text.bb_get_last_path_component_nostrip
                0x00000000000189fc       0x3c libbb/lib.a(get_last_path_component.o)
                0x00000000000189fc                bb_get_last_path_component_nostrip
 .text.bb_get_last_path_component_strip
                0x0000000000018a38       0x50 libbb/lib.a(get_last_path_component.o)
                0x0000000000018a38                bb_get_last_path_component_strip
 .text.last_char_is
                0x0000000000018a88       0x4c libbb/lib.a(last_char_is.o)
                0x0000000000018a88                last_char_is
 .text.llist_add_to
                0x0000000000018ad4       0x28 libbb/lib.a(llist.o)
                0x0000000000018ad4                llist_add_to
 .text.llist_add_to_end
                0x0000000000018afc       0x30 libbb/lib.a(llist.o)
                0x0000000000018afc                llist_add_to_end
 .text.llist_pop
                0x0000000000018b2c       0x2c libbb/lib.a(llist.o)
                0x0000000000018b2c                llist_pop
 .text.llist_unlink
                0x0000000000018b58       0x34 libbb/lib.a(llist.o)
                0x0000000000018b58                llist_unlink
 .text.llist_free
                0x0000000000018b8c       0x3c libbb/lib.a(llist.o)
                0x0000000000018b8c                llist_free
 .text.llist_rev
                0x0000000000018bc8       0x24 libbb/lib.a(llist.o)
                0x0000000000018bc8                llist_rev
 .text.llist_find_str
                0x0000000000018bec       0x34 libbb/lib.a(llist.o)
                0x0000000000018bec                llist_find_str
 .text.bb_perror_msg
                0x0000000000018c20       0x88 libbb/lib.a(perror_msg.o)
                0x0000000000018c20                bb_perror_msg
 .text.bb_perror_msg_and_die
                0x0000000000018ca8       0x68 libbb/lib.a(perror_msg.o)
                0x0000000000018ca8                bb_perror_msg_and_die
 .text.bb_simple_perror_msg
                0x0000000000018d10       0x14 libbb/lib.a(perror_msg.o)
                0x0000000000018d10                bb_simple_perror_msg
 .text.bb_simple_perror_msg_and_die
                0x0000000000018d24       0x18 libbb/lib.a(perror_msg.o)
                0x0000000000018d24                bb_simple_perror_msg_and_die
 .text.skip_whitespace
                0x0000000000018d3c       0x20 libbb/lib.a(skip_whitespace.o)
                0x0000000000018d3c                skip_whitespace
 .text.skip_non_whitespace
                0x0000000000018d5c       0x24 libbb/lib.a(skip_whitespace.o)
                0x0000000000018d5c                skip_non_whitespace
 .text.skip_dev_pfx
                0x0000000000018d80       0x24 libbb/lib.a(skip_whitespace.o)
                0x0000000000018d80                skip_dev_pfx
 .text.bb_verror_msg
                0x0000000000018da4      0x27c libbb/lib.a(verror_msg.o)
                0x0000000000018da4                bb_verror_msg
 .text.bb_error_msg_and_die
                0x0000000000019020       0x40 libbb/lib.a(verror_msg.o)
                0x0000000000019020                bb_error_msg_and_die
 .text.bb_error_msg
                0x0000000000019060       0x60 libbb/lib.a(verror_msg.o)
                0x0000000000019060                bb_error_msg
 .text.bb_vinfo_msg
                0x00000000000190c0       0x2c libbb/lib.a(verror_msg.o)
                0x00000000000190c0                bb_vinfo_msg
 .text.bb_info_msg
                0x00000000000190ec       0x5c libbb/lib.a(verror_msg.o)
                0x00000000000190ec                bb_info_msg
 .text.xfdopen_helper
                0x0000000000019148       0x38 libbb/lib.a(wfopen.o)
 .text.fopen_or_warn
                0x0000000000019180       0x24 libbb/lib.a(wfopen.o)
                0x0000000000019180                fopen_or_warn
 .text.fopen_for_read
                0x00000000000191a4       0x10 libbb/lib.a(wfopen.o)
                0x00000000000191a4                fopen_for_read
 .text.xfopen_for_read
                0x00000000000191b4       0x10 libbb/lib.a(wfopen.o)
                0x00000000000191b4                xfopen_for_read
 .text.fopen_for_write
                0x00000000000191c4       0x10 libbb/lib.a(wfopen.o)
                0x00000000000191c4                fopen_for_write
 .text.xfopen_for_write
                0x00000000000191d4       0x10 libbb/lib.a(wfopen.o)
                0x00000000000191d4                xfopen_for_write
 .text.xfdopen_for_read
                0x00000000000191e4        0x8 libbb/lib.a(wfopen.o)
                0x00000000000191e4                xfdopen_for_read
 .text.xfdopen_for_write
                0x00000000000191ec        0xc libbb/lib.a(wfopen.o)
                0x00000000000191ec                xfdopen_for_write
 .text.xfunc_die
                0x00000000000191f8       0x34 libbb/lib.a(xfunc_die.o)
                0x00000000000191f8                xfunc_die
 .text.ndelay_on
                0x000000000001922c       0x34 libbb/lib.a(xfuncs.o)
                0x000000000001922c                ndelay_on
 .text.ndelay_off
                0x0000000000019260       0x34 libbb/lib.a(xfuncs.o)
                0x0000000000019260                ndelay_off
 .text.close_on_exec_on
                0x0000000000019294        0xc libbb/lib.a(xfuncs.o)
                0x0000000000019294                close_on_exec_on
 .text.strncpy_IFNAMSIZ
                0x00000000000192a0        0x8 libbb/lib.a(xfuncs.o)
                0x00000000000192a0                strncpy_IFNAMSIZ
 .text.utoa_to_buf
                0x00000000000192a8       0xa4 libbb/lib.a(xfuncs.o)
                0x00000000000192a8                utoa_to_buf
 .text.itoa_to_buf
                0x000000000001934c       0x2c libbb/lib.a(xfuncs.o)
                0x000000000001934c                itoa_to_buf
 .text.utoa     0x0000000000019378       0x2c libbb/lib.a(xfuncs.o)
                0x0000000000019378                utoa
 .text.itoa     0x00000000000193a4       0x2c libbb/lib.a(xfuncs.o)
                0x00000000000193a4                itoa
 .text.bin2hex  0x00000000000193d0       0x50 libbb/lib.a(xfuncs.o)
                0x00000000000193d0                bin2hex
 .text.hex2bin  0x0000000000019420       0xf8 libbb/lib.a(xfuncs.o)
                0x0000000000019420                hex2bin
 .text.bb_putchar_stderr
                0x0000000000019518       0x20 libbb/lib.a(xfuncs.o)
                0x0000000000019518                bb_putchar_stderr
 .text.full_write1_str
                0x0000000000019538       0x20 libbb/lib.a(xfuncs.o)
                0x0000000000019538                full_write1_str
 .text.full_write2_str
                0x0000000000019558       0x20 libbb/lib.a(xfuncs.o)
                0x0000000000019558                full_write2_str
 .text.get_terminal_width_height
                0x0000000000019578      0x17c libbb/lib.a(xfuncs.o)
                0x0000000000019578                get_terminal_width_height
 .text.get_terminal_width
                0x00000000000196f4       0x50 libbb/lib.a(xfuncs.o)
                0x00000000000196f4                get_terminal_width
 .text.tcsetattr_stdin_TCSANOW
                0x0000000000019744       0x10 libbb/lib.a(xfuncs.o)
                0x0000000000019744                tcsetattr_stdin_TCSANOW
 .text.get_termios_and_make_raw
                0x0000000000019754       0xc0 libbb/lib.a(xfuncs.o)
                0x0000000000019754                get_termios_and_make_raw
 .text.set_termios_to_raw
                0x0000000000019814       0x68 libbb/lib.a(xfuncs.o)
                0x0000000000019814                set_termios_to_raw
 .text.safe_waitpid
                0x000000000001987c       0x48 libbb/lib.a(xfuncs.o)
                0x000000000001987c                safe_waitpid
 .text.wait_any_nohang
                0x00000000000198c4       0x10 libbb/lib.a(xfuncs.o)
                0x00000000000198c4                wait_any_nohang
 .text.wait4pid
                0x00000000000198d4       0x8c libbb/lib.a(xfuncs.o)
                0x00000000000198d4                wait4pid
 .text.wait_for_exitstatus
                0x0000000000019960       0x68 libbb/lib.a(xfuncs.o)
                0x0000000000019960                wait_for_exitstatus
 .text.bb_die_memory_exhausted
                0x00000000000199c8       0x14 libbb/lib.a(xfuncs_printf.o)
                0x00000000000199c8                bb_die_memory_exhausted
 .text.malloc_or_warn
                0x00000000000199dc       0x40 libbb/lib.a(xfuncs_printf.o)
                0x00000000000199dc                malloc_or_warn
 .text.xmalloc  0x0000000000019a1c       0x28 libbb/lib.a(xfuncs_printf.o)
                0x0000000000019a1c                xmalloc
 .text.xrealloc
                0x0000000000019a44       0x28 libbb/lib.a(xfuncs_printf.o)
                0x0000000000019a44                xrealloc
 .text.xzalloc  0x0000000000019a6c       0x24 libbb/lib.a(xfuncs_printf.o)
                0x0000000000019a6c                xzalloc
 .text.xstrdup  0x0000000000019a90       0x24 libbb/lib.a(xfuncs_printf.o)
                0x0000000000019a90                xstrdup
 .text.xstrndup
                0x0000000000019ab4       0x4c libbb/lib.a(xfuncs_printf.o)
                0x0000000000019ab4                xstrndup
 .text.xmemdup  0x0000000000019b00       0x24 libbb/lib.a(xfuncs_printf.o)
                0x0000000000019b00                xmemdup
 .text.xfopen   0x0000000000019b24       0x28 libbb/lib.a(xfuncs_printf.o)
                0x0000000000019b24                xfopen
 .text.xopen3   0x0000000000019b4c       0x28 libbb/lib.a(xfuncs_printf.o)
                0x0000000000019b4c                xopen3
 .text.xopen    0x0000000000019b74        0xc libbb/lib.a(xfuncs_printf.o)
                0x0000000000019b74                xopen
 .text.open3_or_warn
                0x0000000000019b80       0x30 libbb/lib.a(xfuncs_printf.o)
                0x0000000000019b80                open3_or_warn
 .text.open_or_warn
                0x0000000000019bb0        0xc libbb/lib.a(xfuncs_printf.o)
                0x0000000000019bb0                open_or_warn
 .text.xopen_nonblocking
                0x0000000000019bbc        0x8 libbb/lib.a(xfuncs_printf.o)
                0x0000000000019bbc                xopen_nonblocking
 .text.xunlink  0x0000000000019bc4       0x28 libbb/lib.a(xfuncs_printf.o)
                0x0000000000019bc4                xunlink
 .text.xrename  0x0000000000019bec       0x30 libbb/lib.a(xfuncs_printf.o)
                0x0000000000019bec                xrename
 .text.rename_or_warn
                0x0000000000019c1c       0x38 libbb/lib.a(xfuncs_printf.o)
                0x0000000000019c1c                rename_or_warn
 .text.xpipe    0x0000000000019c54       0x20 libbb/lib.a(xfuncs_printf.o)
                0x0000000000019c54                xpipe
 .text.xdup2    0x0000000000019c74       0x24 libbb/lib.a(xfuncs_printf.o)
                0x0000000000019c74                xdup2
 .text.xmove_fd
                0x0000000000019c98       0x20 libbb/lib.a(xfuncs_printf.o)
                0x0000000000019c98                xmove_fd
 .text.xwrite   0x0000000000019cb8       0x38 libbb/lib.a(xfuncs_printf.o)
                0x0000000000019cb8                xwrite
 .text.xwrite_str
                0x0000000000019cf0       0x28 libbb/lib.a(xfuncs_printf.o)
                0x0000000000019cf0                xwrite_str
 .text.xclose   0x0000000000019d18       0x20 libbb/lib.a(xfuncs_printf.o)
                0x0000000000019d18                xclose
 .text.xlseek   0x0000000000019d38       0x64 libbb/lib.a(xfuncs_printf.o)
                0x0000000000019d38                xlseek
 .text.xmkstemp
                0x0000000000019d9c       0x28 libbb/lib.a(xfuncs_printf.o)
                0x0000000000019d9c                xmkstemp
 .text.die_if_ferror
                0x0000000000019dc4       0x28 libbb/lib.a(xfuncs_printf.o)
                0x0000000000019dc4                die_if_ferror
 .text.die_if_ferror_stdout
                0x0000000000019dec       0x2c libbb/lib.a(xfuncs_printf.o)
                0x0000000000019dec                die_if_ferror_stdout
 .text.fflush_all
                0x0000000000019e18        0x8 libbb/lib.a(xfuncs_printf.o)
                0x0000000000019e18                fflush_all
 .text.bb_putchar
                0x0000000000019e20        0x4 libbb/lib.a(xfuncs_printf.o)
                0x0000000000019e20                bb_putchar
 .text.xprint_and_close_file
                0x0000000000019e24       0x40 libbb/lib.a(xfuncs_printf.o)
                0x0000000000019e24                xprint_and_close_file
 .text.xasprintf
                0x0000000000019e64       0x74 libbb/lib.a(xfuncs_printf.o)
                0x0000000000019e64                xasprintf
 .text.xsetenv  0x0000000000019ed8       0x18 libbb/lib.a(xfuncs_printf.o)
                0x0000000000019ed8                xsetenv
 .text.bb_unsetenv
                0x0000000000019ef0       0xa8 libbb/lib.a(xfuncs_printf.o)
                0x0000000000019ef0                bb_unsetenv
 .text.bb_unsetenv_and_free
                0x0000000000019f98       0x18 libbb/lib.a(xfuncs_printf.o)
                0x0000000000019f98                bb_unsetenv_and_free
 .text.xsetgid  0x0000000000019fb0       0x20 libbb/lib.a(xfuncs_printf.o)
                0x0000000000019fb0                xsetgid
 .text.xsetuid  0x0000000000019fd0       0x20 libbb/lib.a(xfuncs_printf.o)
                0x0000000000019fd0                xsetuid
 .text.xsetegid
                0x0000000000019ff0       0x20 libbb/lib.a(xfuncs_printf.o)
                0x0000000000019ff0                xsetegid
 .text.xseteuid
                0x000000000001a010       0x20 libbb/lib.a(xfuncs_printf.o)
                0x000000000001a010                xseteuid
 .text.xopen_as_uid_gid
                0x000000000001a030       0x5c libbb/lib.a(xfuncs_printf.o)
                0x000000000001a030                xopen_as_uid_gid
 .text.xchdir   0x000000000001a08c       0x28 libbb/lib.a(xfuncs_printf.o)
                0x000000000001a08c                xchdir
 .text.xfchdir  0x000000000001a0b4       0x20 libbb/lib.a(xfuncs_printf.o)
                0x000000000001a0b4                xfchdir
 .text.xchroot  0x000000000001a0d4       0x3c libbb/lib.a(xfuncs_printf.o)
                0x000000000001a0d4                xchroot
 .text.warn_opendir
                0x000000000001a110       0x30 libbb/lib.a(xfuncs_printf.o)
                0x000000000001a110                warn_opendir
 .text.xopendir
                0x000000000001a140       0x28 libbb/lib.a(xfuncs_printf.o)
                0x000000000001a140                xopendir
 .text.xsocket  0x000000000001a168       0x20 libbb/lib.a(xfuncs_printf.o)
                0x000000000001a168                xsocket
 .text.xbind    0x000000000001a188       0x20 libbb/lib.a(xfuncs_printf.o)
                0x000000000001a188                xbind
 .text.xlisten  0x000000000001a1a8       0x20 libbb/lib.a(xfuncs_printf.o)
                0x000000000001a1a8                xlisten
 .text.xsendto  0x000000000001a1c8       0x34 libbb/lib.a(xfuncs_printf.o)
                0x000000000001a1c8                xsendto
 .text.xstat    0x000000000001a1fc       0x28 libbb/lib.a(xfuncs_printf.o)
                0x000000000001a1fc                xstat
 .text.xfstat   0x000000000001a224       0x1c libbb/lib.a(xfuncs_printf.o)
                0x000000000001a224                xfstat
 .text.ioctl_or_perror_and_die
                0x000000000001a240       0x90 libbb/lib.a(xfuncs_printf.o)
                0x000000000001a240                ioctl_or_perror_and_die
 .text.ioctl_or_perror
                0x000000000001a2d0       0x90 libbb/lib.a(xfuncs_printf.o)
                0x000000000001a2d0                ioctl_or_perror
 .text.bb_ioctl_or_warn
                0x000000000001a360       0x24 libbb/lib.a(xfuncs_printf.o)
                0x000000000001a360                bb_ioctl_or_warn
 .text.bb_xioctl
                0x000000000001a384       0x1c libbb/lib.a(xfuncs_printf.o)
                0x000000000001a384                bb_xioctl
 .text.xmalloc_ttyname
                0x000000000001a3a0       0x68 libbb/lib.a(xfuncs_printf.o)
                0x000000000001a3a0                xmalloc_ttyname
 .text.generate_uuid
                0x000000000001a408       0xac libbb/lib.a(xfuncs_printf.o)
                0x000000000001a408                generate_uuid
 .text.xfork    0x000000000001a4b4       0x24 libbb/lib.a(xfuncs_printf.o)
                0x000000000001a4b4                xfork
 .text.xvfork_parent_waits_and_exits
                0x000000000001a4d8       0x54 libbb/lib.a(xfuncs_printf.o)
                0x000000000001a4d8                xvfork_parent_waits_and_exits
 .text.xmalloc_readlink
                0x000000000001a52c       0x64 libbb/lib.a(xreadlink.o)
                0x000000000001a52c                xmalloc_readlink
 .text.xmalloc_follow_symlinks
                0x000000000001a590       0xc0 libbb/lib.a(xreadlink.o)
                0x000000000001a590                xmalloc_follow_symlinks
 .text.xmalloc_readlink_or_warn
                0x000000000001a650       0x64 libbb/lib.a(xreadlink.o)
                0x000000000001a650                xmalloc_readlink_or_warn
 .text.xmalloc_realpath
                0x000000000001a6b4        0x8 libbb/lib.a(xreadlink.o)
                0x000000000001a6b4                xmalloc_realpath
 .text.xmalloc_realpath_coreutils
                0x000000000001a6bc       0xa4 libbb/lib.a(xreadlink.o)
                0x000000000001a6bc                xmalloc_realpath_coreutils
 .text.bb_full_fd_action
                0x000000000001a760      0x1f8 libbb/lib.a(copyfd.o)
 .text.bb_copyfd_size
                0x000000000001a958       0x2c libbb/lib.a(copyfd.o)
                0x000000000001a958                bb_copyfd_size
 .text.bb_copyfd_exact_size
                0x000000000001a984       0x58 libbb/lib.a(copyfd.o)
                0x000000000001a984                bb_copyfd_exact_size
 .text.bb_copyfd_eof
                0x000000000001a9dc        0xc libbb/lib.a(copyfd.o)
                0x000000000001a9dc                bb_copyfd_eof
 .text.full_write
                0x000000000001a9e8       0x58 libbb/lib.a(full_write.o)
                0x000000000001a9e8                full_write
 .text.safe_read
                0x000000000001aa40       0x48 libbb/lib.a(read.o)
                0x000000000001aa40                safe_read
 .text.full_read
                0x000000000001aa88       0x58 libbb/lib.a(read.o)
                0x000000000001aa88                full_read
 .text.read_close
                0x000000000001aae0       0x20 libbb/lib.a(read.o)
                0x000000000001aae0                read_close
 .text.open_read_close
                0x000000000001ab00       0x2c libbb/lib.a(read.o)
                0x000000000001ab00                open_read_close
 .text.safe_write
                0x000000000001ab2c       0x50 libbb/lib.a(safe_write.o)
                0x000000000001ab2c                safe_write
 .text.record_signo
                0x000000000001ab7c       0x14 libbb/lib.a(signals.o)
                0x000000000001ab7c                record_signo
 .text.sigaction_set
                0x000000000001ab90        0x8 libbb/lib.a(signals.o)
                0x000000000001ab90                sigaction_set
 .text.sigprocmask_allsigs
                0x000000000001ab98       0x64 libbb/lib.a(signals.o)
                0x000000000001ab98                sigprocmask_allsigs
 .text.sigprocmask2
                0x000000000001abfc        0x8 libbb/lib.a(signals.o)
                0x000000000001abfc                sigprocmask2
 .text.bb_signals
                0x000000000001ac04       0x44 libbb/lib.a(signals.o)
                0x000000000001ac04                bb_signals
 .text.bb_signals_recursive_norestart
                0x000000000001ac48       0x98 libbb/lib.a(signals.o)
                0x000000000001ac48                bb_signals_recursive_norestart
 .text.sig_block
                0x000000000001ace0       0x70 libbb/lib.a(signals.o)
                0x000000000001ace0                sig_block
 .text.sig_unblock
                0x000000000001ad50       0x70 libbb/lib.a(signals.o)
                0x000000000001ad50                sig_unblock
 .text.wait_for_any_sig
                0x000000000001adc0       0x58 libbb/lib.a(signals.o)
                0x000000000001adc0                wait_for_any_sig
 .text.kill_myself_with_sig
                0x000000000001ae18       0x28 libbb/lib.a(signals.o)
                0x000000000001ae18                kill_myself_with_sig
 .text.signal_SA_RESTART_empty_mask
                0x000000000001ae40       0x74 libbb/lib.a(signals.o)
                0x000000000001ae40                signal_SA_RESTART_empty_mask
 .text.signal_no_SA_RESTART_empty_mask
                0x000000000001aeb4       0x6c libbb/lib.a(signals.o)
                0x000000000001aeb4                signal_no_SA_RESTART_empty_mask
 .text.get_mono
                0x000000000001af20       0x30 libbb/lib.a(time.o)
 .text.parse_datestr
                0x000000000001af50      0x570 libbb/lib.a(time.o)
                0x000000000001af50                parse_datestr
 .text.validate_tm_time
                0x000000000001b4c0       0x2c libbb/lib.a(time.o)
                0x000000000001b4c0                validate_tm_time
 .text.strftime_HHMMSS
                0x000000000001b4ec       0x80 libbb/lib.a(time.o)
                0x000000000001b4ec                strftime_HHMMSS
 .text.strftime_YYYYMMDDHHMMSS
                0x000000000001b56c       0x80 libbb/lib.a(time.o)
                0x000000000001b56c                strftime_YYYYMMDDHHMMSS
 .text.monotonic_us
                0x000000000001b5ec       0x6c libbb/lib.a(time.o)
                0x000000000001b5ec                monotonic_us
 .text.monotonic_ms
                0x000000000001b658       0x6c libbb/lib.a(time.o)
                0x000000000001b658                monotonic_ms
 .text.monotonic_sec
                0x000000000001b6c4       0x4c libbb/lib.a(time.o)
                0x000000000001b6c4                monotonic_sec
 .text.handle_errors.isra.0
                0x000000000001b710       0x74 libbb/lib.a(bb_strtonum.o)
 .text.bb_strtoull
                0x000000000001b784       0xb8 libbb/lib.a(bb_strtonum.o)
                0x000000000001b784                bb_strtoull
 .text.bb_strtoll
                0x000000000001b83c       0xc4 libbb/lib.a(bb_strtonum.o)
                0x000000000001b83c                bb_strtoll
 .text.bb_strtoul
                0x000000000001b900       0xb8 libbb/lib.a(bb_strtonum.o)
                0x000000000001b900                bb_strtoul
 .text.bb_strtol
                0x000000000001b9b8       0xc4 libbb/lib.a(bb_strtonum.o)
                0x000000000001b9b8                bb_strtol
 .text.get_S    0x000000000001ba7c       0x80 libpwdgrp/lib.a(pwd_grp.o)
 .text.tokenize
                0x000000000001bafc       0xc8 libpwdgrp/lib.a(pwd_grp.o)
 .text.parse_common
                0x000000000001bbc4      0x100 libpwdgrp/lib.a(pwd_grp.o)
 .text.parse_file
                0x000000000001bcc4       0x48 libpwdgrp/lib.a(pwd_grp.o)
 .text.convert_to_struct
                0x000000000001bd0c      0x17c libpwdgrp/lib.a(pwd_grp.o)
 .text.massage_data_for_r_func
                0x000000000001be88       0xa4 libpwdgrp/lib.a(pwd_grp.o)
 .text.massage_data_for_non_r_func
                0x000000000001bf2c       0x80 libpwdgrp/lib.a(pwd_grp.o)
 .text.getXXnam
                0x000000000001bfac       0x38 libpwdgrp/lib.a(pwd_grp.o)
 .text.getgrouplist_internal
                0x000000000001bfe4      0x144 libpwdgrp/lib.a(pwd_grp.o)
 .text.bb_internal_getspnam_r
                0x000000000001c128       0x4c libpwdgrp/lib.a(pwd_grp.o)
                0x000000000001c128                bb_internal_getspnam_r
 .text.bb_internal_getpwent
                0x000000000001c174       0x58 libpwdgrp/lib.a(pwd_grp.o)
                0x000000000001c174                bb_internal_getpwent
 .text.bb_internal_getpwnam
                0x000000000001c1cc        0x8 libpwdgrp/lib.a(pwd_grp.o)
                0x000000000001c1cc                bb_internal_getpwnam
 .text.bb_internal_getgrnam
                0x000000000001c1d4        0x8 libpwdgrp/lib.a(pwd_grp.o)
                0x000000000001c1d4                bb_internal_getgrnam
 .text.bb_internal_getpwuid
                0x000000000001c1dc       0x14 libpwdgrp/lib.a(pwd_grp.o)
                0x000000000001c1dc                bb_internal_getpwuid
 .text.bb_internal_getgrgid
                0x000000000001c1f0       0x14 libpwdgrp/lib.a(pwd_grp.o)
                0x000000000001c1f0                bb_internal_getgrgid
 .text.bb_internal_endpwent
                0x000000000001c204       0x3c libpwdgrp/lib.a(pwd_grp.o)
                0x000000000001c204                bb_internal_endpwent
 .text.bb_internal_setpwent
                0x000000000001c240       0x28 libpwdgrp/lib.a(pwd_grp.o)
                0x000000000001c240                bb_internal_setpwent
 .text.bb_internal_endgrent
                0x000000000001c268       0x3c libpwdgrp/lib.a(pwd_grp.o)
                0x000000000001c268                bb_internal_endgrent
 .text.bb_internal_initgroups
                0x000000000001c2a4       0x70 libpwdgrp/lib.a(pwd_grp.o)
                0x000000000001c2a4                bb_internal_initgroups
 .text.bb_internal_getgrouplist
                0x000000000001c314       0x54 libpwdgrp/lib.a(pwd_grp.o)
                0x000000000001c314                bb_internal_getgrouplist
 .text.get_uidgid
                0x000000000001c368      0x14c libpwdgrp/lib.a(uidgid_get.o)
                0x000000000001c368                get_uidgid
 .text.xget_uidgid
                0x000000000001c4b4       0x28 libpwdgrp/lib.a(uidgid_get.o)
                0x000000000001c4b4                xget_uidgid
 .text.parse_chown_usergroup_or_die
                0x000000000001c4dc       0xa4 libpwdgrp/lib.a(uidgid_get.o)
                0x000000000001c4dc                parse_chown_usergroup_or_die
 .text.add_remove_shell_main
                0x000000000001c580      0x1d8 loginutils/lib.a(add-remove-shell.o)
                0x000000000001c580                add_remove_shell_main
 .text.addgroup_main
                0x000000000001c758      0x2a8 loginutils/lib.a(addgroup.o)
                0x000000000001c758                addgroup_main
 .text.addgroup_wrapper
                0x000000000001ca00       0xc8 loginutils/lib.a(adduser.o)
 .text.adduser_main
                0x000000000001cac8      0x50c loginutils/lib.a(adduser.o)
                0x000000000001cac8                adduser_main
 .text.chpasswd_main
                0x000000000001cfd4      0x220 loginutils/lib.a(chpasswd.o)
                0x000000000001cfd4                chpasswd_main
 .text.cryptpw_main
                0x000000000001d1f4      0x174 loginutils/lib.a(cryptpw.o)
                0x000000000001d1f4                cryptpw_main
 .text.deluser_main
                0x000000000001d368      0x1f8 loginutils/lib.a(deluser.o)
                0x000000000001d368                deluser_main
 .text.sleep10  0x000000000001d560        0x8 loginutils/lib.a(getty.o)
 .text.bcode    0x000000000001d568       0x20 loginutils/lib.a(getty.o)
 .text.set_tty_attrs
                0x000000000001d588       0x30 loginutils/lib.a(getty.o)
 .text.finalize_tty_attrs
                0x000000000001d5b8       0x90 loginutils/lib.a(getty.o)
 .text.alarm_handler
                0x000000000001d648       0x10 loginutils/lib.a(getty.o)
 .text.getty_main
                0x000000000001d658      0x89c loginutils/lib.a(getty.o)
                0x000000000001d658                getty_main
 .text.alarm_handler
                0x000000000001def4       0x5c loginutils/lib.a(login.o)
 .text.login_main
                0x000000000001df50      0x5e4 loginutils/lib.a(login.o)
                0x000000000001df50                login_main
 .text.passwd_main
                0x000000000001e534      0x530 loginutils/lib.a(passwd.o)
                0x000000000001e534                passwd_main
 .text.su_main  0x000000000001ea64      0x2ac loginutils/lib.a(su.o)
                0x000000000001ea64                su_main
 .text.sulogin_main
                0x000000000001ed10      0x1ac loginutils/lib.a(sulogin.o)
                0x000000000001ed10                sulogin_main
 .text.acquire_vt
                0x000000000001eebc       0x14 loginutils/lib.a(vlock.o)
 .text.release_vt
                0x000000000001eed0       0x24 loginutils/lib.a(vlock.o)
 .text.vlock_main
                0x000000000001eef4      0x210 loginutils/lib.a(vlock.o)
                0x000000000001eef4                vlock_main
 .text.makemime_main
                0x000000000001f104      0x210 mailutils/lib.a(makemime.o)
                0x000000000001f104                makemime_main
 .text.pop3_checkr
                0x000000000001f314       0xb8 mailutils/lib.a(popmaildir.o)
 .text.popmaildir_main
                0x000000000001f3cc      0x4b0 mailutils/lib.a(popmaildir.o)
                0x000000000001f3cc                popmaildir_main
 .text.find_token
                0x000000000001f87c       0x4c mailutils/lib.a(reformime.o)
 .text.parse    0x000000000001f8c8      0x588 mailutils/lib.a(reformime.o)
 .text.reformime_main
                0x000000000001fe50       0xe4 mailutils/lib.a(reformime.o)
                0x000000000001fe50                reformime_main
 .text.smtp_checkp
                0x000000000001ff34       0xf8 mailutils/lib.a(sendmail.o)
 .text.rcptto   0x000000000002002c       0x4c mailutils/lib.a(sendmail.o)
 .text.smtp_check
                0x0000000000020078        0xc mailutils/lib.a(sendmail.o)
 .text.sane_address
                0x0000000000020084       0x74 mailutils/lib.a(sendmail.o)
 .text.angle_address
                0x00000000000200f8       0x4c mailutils/lib.a(sendmail.o)
 .text.rcptto_list
                0x0000000000020144       0xa4 mailutils/lib.a(sendmail.o)
 .text.send_r_n
                0x00000000000201e8       0x54 mailutils/lib.a(sendmail.o)
 .text.sendmail_main
                0x000000000002023c      0x72c mailutils/lib.a(sendmail.o)
                0x000000000002023c                sendmail_main
 .text.signal_handler
                0x0000000000020968       0x98 mailutils/lib.a(mail.o)
 .text.encode_n_base64
                0x0000000000020a00      0x194 mailutils/lib.a(mail.o)
 .text.launch_helper
                0x0000000000020b94      0x178 mailutils/lib.a(mail.o)
                0x0000000000020b94                launch_helper
 .text.send_mail_command
                0x0000000000020d0c       0x84 mailutils/lib.a(mail.o)
                0x0000000000020d0c                send_mail_command
 .text.printstr_base64
                0x0000000000020d90       0x20 mailutils/lib.a(mail.o)
                0x0000000000020d90                printstr_base64
 .text.printbuf_base64
                0x0000000000020db0       0x10 mailutils/lib.a(mail.o)
                0x0000000000020db0                printbuf_base64
 .text.printfile_base64
                0x0000000000020dc0        0xc mailutils/lib.a(mail.o)
                0x0000000000020dc0                printfile_base64
 .text.get_cred_or_die
                0x0000000000020dcc       0xc8 mailutils/lib.a(mail.o)
                0x0000000000020dcc                get_cred_or_die
 .text.adjtimex_main
                0x0000000000020e94      0x260 miscutils/lib.a(adjtimex.o)
                0x0000000000020e94                adjtimex_main
 .text.bc_vec_pop
                0x00000000000210f4       0x28 miscutils/lib.a(bc.o)
 .text.bc_vec_npop
                0x000000000002111c       0x58 miscutils/lib.a(bc.o)
 .text.bc_vec_pop_all
                0x0000000000021174        0x8 miscutils/lib.a(bc.o)
 .text.bc_vec_item_rev
                0x000000000002117c       0x1c miscutils/lib.a(bc.o)
 .text.bc_vec_top
                0x0000000000021198       0x18 miscutils/lib.a(bc.o)
 .text.xc_program_func
                0x00000000000211b0       0x20 miscutils/lib.a(bc.o)
 .text.bc_program_current_func
                0x00000000000211d0       0x24 miscutils/lib.a(bc.o)
 .text.xc_program_str
                0x00000000000211f4       0x54 miscutils/lib.a(bc.o)
 .text.bc_num_one
                0x0000000000021248       0x20 miscutils/lib.a(bc.o)
 .text.bc_num_subArrays
                0x0000000000021268       0x4c miscutils/lib.a(bc.o)
 .text.BC_NUM_MREQ
                0x00000000000212b4       0x38 miscutils/lib.a(bc.o)
 .text.bc_num_cmp
                0x00000000000212ec      0x128 miscutils/lib.a(bc.o)
 .text.bc_num_clean
                0x0000000000021414       0x48 miscutils/lib.a(bc.o)
 .text.xc_lex_lineComment
                0x000000000002145c       0x34 miscutils/lib.a(bc.o)
 .text.xc_lex_whitespace
                0x0000000000021490       0x40 miscutils/lib.a(bc.o)
 .text.parse_lex_by_checking_eq_sign
                0x00000000000214d0       0x30 miscutils/lib.a(bc.o)
 .text.xc_program_reset
                0x0000000000021500       0x44 miscutils/lib.a(bc.o)
 .text.bc_parse_inst_isLeaf
                0x0000000000021544       0x1c miscutils/lib.a(bc.o)
 .text.rewrite_label_to_current
                0x0000000000021560       0x2c miscutils/lib.a(bc.o)
 .text.xc_program_index
                0x000000000002158c       0x68 miscutils/lib.a(bc.o)
 .text.bc_vec_init
                0x00000000000215f4       0x2c miscutils/lib.a(bc.o)
 .text.bc_char_vec_init
                0x0000000000021620        0xc miscutils/lib.a(bc.o)
 .text.bc_func_init
                0x000000000002162c       0x6c miscutils/lib.a(bc.o)
 .text.bc_num_init
                0x0000000000021698       0x38 miscutils/lib.a(bc.o)
 .text.bc_num_init_DEF_SIZE
                0x00000000000216d0        0x8 miscutils/lib.a(bc.o)
 .text.bc_num_free
                0x00000000000216d8        0x8 miscutils/lib.a(bc.o)
 .text.bc_result_free
                0x00000000000216e0       0x44 miscutils/lib.a(bc.o)
 .text.bc_string_free
                0x0000000000021724        0x8 miscutils/lib.a(bc.o)
 .text.bc_vec_free
                0x000000000002172c       0x18 miscutils/lib.a(bc.o)
 .text.bc_func_free
                0x0000000000021744       0x30 miscutils/lib.a(bc.o)
 .text.xc_parse_free
                0x0000000000021774       0x34 miscutils/lib.a(bc.o)
 .text.bc_id_free
                0x00000000000217a8        0x8 miscutils/lib.a(bc.o)
 .text.xc_parse_create
                0x00000000000217b0       0x70 miscutils/lib.a(bc.o)
 .text.bc_map_find_ge
                0x0000000000021820       0x60 miscutils/lib.a(bc.o)
 .text.bc_vec_grow
                0x0000000000021880       0x40 miscutils/lib.a(bc.o)
 .text.bc_vec_expand
                0x00000000000218c0       0x34 miscutils/lib.a(bc.o)
 .text.bc_num_expand
                0x00000000000218f4       0x38 miscutils/lib.a(bc.o)
 .text.bc_num_ulong2num
                0x000000000002192c       0x64 miscutils/lib.a(bc.o)
 .text.bc_result_pop_and_push
                0x0000000000021990       0x54 miscutils/lib.a(bc.o)
 .text.xc_program_binOpRetire
                0x00000000000219e4       0x30 miscutils/lib.a(bc.o)
 .text.bc_num_truncate
                0x0000000000021a14       0x34 miscutils/lib.a(bc.o)
 .text.bc_vec_npush
                0x0000000000021a48       0x4c miscutils/lib.a(bc.o)
 .text.bc_vec_push
                0x0000000000021a94        0xc miscutils/lib.a(bc.o)
 .text.xc_program_add_fn
                0x0000000000021aa0       0x64 miscutils/lib.a(bc.o)
 .text.bc_vec_pushZeroByte
                0x0000000000021b04       0x10 miscutils/lib.a(bc.o)
 .text.bc_array_expand
                0x0000000000021b14       0xb8 miscutils/lib.a(bc.o)
 .text.bc_array_init
                0x0000000000021bcc       0x3c miscutils/lib.a(bc.o)
 .text.bc_num_extend
                0x0000000000021c08       0x68 miscutils/lib.a(bc.o)
 .text.zbc_num_shift
                0x0000000000021c70       0x54 miscutils/lib.a(bc.o)
 .text.bc_num_retireMul
                0x0000000000021cc4       0x4c miscutils/lib.a(bc.o)
 .text.bc_args  0x0000000000021d10       0xe8 miscutils/lib.a(bc.o)
 .text.bc_verror_msg
                0x0000000000021df8       0x88 miscutils/lib.a(bc.o)
 .text.zbc_posix_error_fmt
                0x0000000000021e80       0xa8 miscutils/lib.a(bc.o)
 .text.bc_error_fmt
                0x0000000000021f28       0x80 miscutils/lib.a(bc.o)
 .text.bc_error
                0x0000000000021fa8       0x14 miscutils/lib.a(bc.o)
 .text.zbc_func_insert
                0x0000000000021fbc       0xbc miscutils/lib.a(bc.o)
 .text.bc_error_variable_is_wrong_type
                0x0000000000022078       0x10 miscutils/lib.a(bc.o)
 .text.zbc_num_ulong_abs
                0x0000000000022088       0x5c miscutils/lib.a(bc.o)
 .text.zbc_num_ulong
                0x00000000000220e4       0x20 miscutils/lib.a(bc.o)
 .text.bc_error_stack_has_too_few_elements
                0x0000000000022104       0x10 miscutils/lib.a(bc.o)
 .text.bad_input_byte
                0x0000000000022114       0x64 miscutils/lib.a(bc.o)
 .text.bc_error_bad_character
                0x0000000000022178       0x28 miscutils/lib.a(bc.o)
 .text.xc_program_name
                0x00000000000221a0       0x30 miscutils/lib.a(bc.o)
 .text.xc_parse_pushName
                0x00000000000221d0       0x50 miscutils/lib.a(bc.o)
 .text.bc_vec_string
                0x0000000000022220       0x40 miscutils/lib.a(bc.o)
 .text.xc_lex_name
                0x0000000000022260       0x7c miscutils/lib.a(bc.o)
 .text.bc_num_copy
                0x00000000000222dc       0x44 miscutils/lib.a(bc.o)
 .text.zbc_num_a
                0x0000000000022320      0x1f0 miscutils/lib.a(bc.o)
 .text.zbc_num_s
                0x0000000000022510      0x120 miscutils/lib.a(bc.o)
 .text.bc_num_split
                0x0000000000022630       0x88 miscutils/lib.a(bc.o)
 .text.fflush_and_check
                0x00000000000226b8       0x60 miscutils/lib.a(bc.o)
 .text.quit     0x0000000000022718       0x48 miscutils/lib.a(bc.o)
 .text.bc_error_at
                0x0000000000022760       0x68 miscutils/lib.a(bc.o)
 .text.bc_error_bad_expression
                0x00000000000227c8       0x10 miscutils/lib.a(bc.o)
 .text.bc_error_bad_token
                0x00000000000227d8       0x10 miscutils/lib.a(bc.o)
 .text.bc_num_printNewline
                0x00000000000227e8       0x40 miscutils/lib.a(bc.o)
 .text.bc_num_printHex
                0x0000000000022828       0x70 miscutils/lib.a(bc.o)
 .text.bc_num_printDigits
                0x0000000000022898       0xbc miscutils/lib.a(bc.o)
 .text.dc_num_printChar
                0x0000000000022954       0x2c miscutils/lib.a(bc.o)
 .text.xc_program_dereference.isra.0
                0x0000000000022980       0x94 miscutils/lib.a(bc.o)
 .text.zbc_num_binary
                0x0000000000022a14       0xe8 miscutils/lib.a(bc.o)
 .text.zbc_num_mul
                0x0000000000022afc       0x44 miscutils/lib.a(bc.o)
 .text.zbc_num_sub
                0x0000000000022b40       0x74 miscutils/lib.a(bc.o)
 .text.zbc_num_div
                0x0000000000022bb4       0x44 miscutils/lib.a(bc.o)
 .text.zbc_num_mod
                0x0000000000022bf8       0x44 miscutils/lib.a(bc.o)
 .text.zbc_num_pow
                0x0000000000022c3c       0x34 miscutils/lib.a(bc.o)
 .text.zbc_num_p
                0x0000000000022c70      0x2f4 miscutils/lib.a(bc.o)
 .text.zbc_num_add
                0x0000000000022f64       0x74 miscutils/lib.a(bc.o)
 .text.zbc_num_k
                0x0000000000022fd8      0x46c miscutils/lib.a(bc.o)
 .text.zbc_num_m
                0x0000000000023444      0x180 miscutils/lib.a(bc.o)
 .text.zbc_num_d
                0x00000000000235c4      0x314 miscutils/lib.a(bc.o)
 .text.zbc_num_r
                0x00000000000238d8      0x158 miscutils/lib.a(bc.o)
 .text.zbc_num_rem
                0x0000000000023a30       0xac miscutils/lib.a(bc.o)
 .text.zbc_num_divmod
                0x0000000000023adc       0xf4 miscutils/lib.a(bc.o)
 .text.zxc_num_printNum
                0x0000000000023bd0      0x2b4 miscutils/lib.a(bc.o)
 .text.bc_map_insert
                0x0000000000023e84       0xb4 miscutils/lib.a(bc.o)
 .text.bc_program_addFunc
                0x0000000000023f38       0xc0 miscutils/lib.a(bc.o)
 .text.xc_vm_init
                0x0000000000023ff8      0x33c miscutils/lib.a(bc.o)
 .text.xc_program_search
                0x0000000000024334       0xf0 miscutils/lib.a(bc.o)
 .text.xc_program_pushVar
                0x0000000000024424      0x118 miscutils/lib.a(bc.o)
 .text.zxc_program_num
                0x000000000002453c      0x5a0 miscutils/lib.a(bc.o)
 .text.zxc_program_binOpPrep
                0x0000000000024adc      0x148 miscutils/lib.a(bc.o)
 .text.zxc_program_prep
                0x0000000000024c24       0x88 miscutils/lib.a(bc.o)
 .text.xc_program_print
                0x0000000000024cac      0x3f0 miscutils/lib.a(bc.o)
 .text.zxc_program_assign
                0x000000000002509c      0x2a4 miscutils/lib.a(bc.o)
 .text.bc_map_find_exact
                0x0000000000025340       0x50 miscutils/lib.a(bc.o)
 .text.xc_read_line
                0x0000000000025390      0x244 miscutils/lib.a(bc.o)
 .text.peek_inbuf
                0x00000000000255d4       0x54 miscutils/lib.a(bc.o)
 .text.eat_inbuf
                0x0000000000025628       0x2c miscutils/lib.a(bc.o)
 .text.zxc_lex_number
                0x0000000000025654      0x160 miscutils/lib.a(bc.o)
 .text.xc_parse_push
                0x00000000000257b4       0x64 miscutils/lib.a(bc.o)
 .text.bc_parse_operator
                0x0000000000025818       0xdc miscutils/lib.a(bc.o)
 .text.bc_vec_pushIndex
                0x00000000000258f4       0xa8 miscutils/lib.a(bc.o)
 .text.xc_parse_pushInst_and_Index
                0x000000000002599c       0x2c miscutils/lib.a(bc.o)
 .text.xc_parse_pushNUM
                0x00000000000259c8       0x90 miscutils/lib.a(bc.o)
 .text.zxc_program_popResultAndCopyToVar
                0x0000000000025a58      0x2e4 miscutils/lib.a(bc.o)
 .text.zxc_lex_next
                0x0000000000025d3c      0x8d0 miscutils/lib.a(bc.o)
 .text.zxc_parse_text_init
                0x000000000002660c       0x38 miscutils/lib.a(bc.o)
 .text.zbc_parse_pushSTR
                0x0000000000026644       0x80 miscutils/lib.a(bc.o)
 .text.zdc_parse_register
                0x00000000000266c4       0x40 miscutils/lib.a(bc.o)
 .text.zdc_parse_mem
                0x0000000000026704       0x54 miscutils/lib.a(bc.o)
 .text.zdc_parse_expr
                0x0000000000026758      0x260 miscutils/lib.a(bc.o)
 .text.zdc_parse_exprs_until_eof
                0x00000000000269b8       0x30 miscutils/lib.a(bc.o)
 .text.zbc_parse_expr
                0x00000000000269e8      0x93c miscutils/lib.a(bc.o)
 .text.zbc_parse_name
                0x0000000000027324      0x21c miscutils/lib.a(bc.o)
 .text.zbc_parse_stmt_possibly_auto
                0x0000000000027540      0x864 miscutils/lib.a(bc.o)
 .text.zbc_parse_stmt_allow_NLINE_before
                0x0000000000027da4       0x6c miscutils/lib.a(bc.o)
 .text.zxc_vm_process
                0x0000000000027e10     0x1f58 miscutils/lib.a(bc.o)
 .text.zxc_vm_execute_FILE
                0x0000000000029d68       0x6c miscutils/lib.a(bc.o)
 .text.zxc_vm_exec
                0x0000000000029dd4       0xe0 miscutils/lib.a(bc.o)
 .text.bc_main  0x0000000000029eb4       0x84 miscutils/lib.a(bc.o)
                0x0000000000029eb4                bc_main
 .text.dc_main  0x0000000000029f38      0x170 miscutils/lib.a(bc.o)
                0x0000000000029f38                dc_main
 .text.beep_main
                0x000000000002a0a8      0x1a4 miscutils/lib.a(beep.o)
                0x000000000002a0a8                beep_main
 .text.signal_handler
                0x000000000002a24c       0x18 miscutils/lib.a(chat.o)
 .text.unescape
                0x000000000002a264       0xe0 miscutils/lib.a(chat.o)
 .text.chat_main
                0x000000000002a344      0x6dc miscutils/lib.a(chat.o)
                0x000000000002a344                chat_main
 .text.create_cdev_if_doesnt_exist
                0x000000000002aa20       0x60 miscutils/lib.a(conspy.o)
 .text.start_shell_in_child
                0x000000000002aa80      0x14c miscutils/lib.a(conspy.o)
 .text.putcsi   0x000000000002abcc       0x44 miscutils/lib.a(conspy.o)
 .text.set_cursor
                0x000000000002ac10       0x54 miscutils/lib.a(conspy.o)
 .text.gotoxy   0x000000000002ac64       0x48 miscutils/lib.a(conspy.o)
 .text.screen_char
                0x000000000002acac      0x164 miscutils/lib.a(conspy.o)
 .text.screen_dump
                0x000000000002ae10       0xfc miscutils/lib.a(conspy.o)
 .text.cleanup  0x000000000002af0c       0x74 miscutils/lib.a(conspy.o)
 .text.screen_read_close
                0x000000000002af80      0x12c miscutils/lib.a(conspy.o)
 .text.conspy_main
                0x000000000002b0ac      0x668 miscutils/lib.a(conspy.o)
                0x000000000002b0ac                conspy_main
 .text.log8     0x000000000002b714       0x8c miscutils/lib.a(crond.o)
 .text.reopen_logfile_to_stderr
                0x000000000002b7a0       0x5c miscutils/lib.a(crond.o)
 .text.delete_cronfile
                0x000000000002b7fc       0xc4 miscutils/lib.a(crond.o)
 .text.ParseField
                0x000000000002b8c0      0x2cc miscutils/lib.a(crond.o)
 .text.safe_setenv
                0x000000000002bb8c       0x44 miscutils/lib.a(crond.o)
 .text.log7.constprop.0
                0x000000000002bbd0       0x94 miscutils/lib.a(crond.o)
 .text.log5     0x000000000002bc64       0x8c miscutils/lib.a(crond.o)
 .text.load_crontab
                0x000000000002bcf0      0x4dc miscutils/lib.a(crond.o)
 .text.rescan_crontab_dir
                0x000000000002c1cc      0x118 miscutils/lib.a(crond.o)
 .text.fork_job
                0x000000000002c2e4      0x290 miscutils/lib.a(crond.o)
 .text.start_jobs
                0x000000000002c574      0x24c miscutils/lib.a(crond.o)
 .text.crond_main
                0x000000000002c7c0      0x69c miscutils/lib.a(crond.o)
                0x000000000002c7c0                crond_main
 .text.edit_file
                0x000000000002ce5c       0xac miscutils/lib.a(crontab.o)
 .text.crontab_main
                0x000000000002cf08      0x314 miscutils/lib.a(crontab.o)
                0x000000000002cf08                crontab_main
 .text.devmem_main
                0x000000000002d21c      0x260 miscutils/lib.a(devmem.o)
                0x000000000002d21c                devmem_main
 .text.fb_pixel_value
                0x000000000002d47c       0x80 miscutils/lib.a(fbsplash.o)
 .text.fb_write_pixel
                0x000000000002d4fc       0x58 miscutils/lib.a(fbsplash.o)
 .text.fb_drawfullrectangle
                0x000000000002d554       0x88 miscutils/lib.a(fbsplash.o)
 .text.fb_drawprogressbar
                0x000000000002d5dc      0x208 miscutils/lib.a(fbsplash.o)
 .text.fb_setpal
                0x000000000002d7e4       0xe0 miscutils/lib.a(fbsplash.o)
 .text.fbsplash_main
                0x000000000002d8c4      0x59c miscutils/lib.a(fbsplash.o)
                0x000000000002d8c4                fbsplash_main
 .text.parse_opts
                0x000000000002de60       0x44 miscutils/lib.a(hdparm.o)
 .text.parse_opts_0_1
                0x000000000002dea4        0xc miscutils/lib.a(hdparm.o)
 .text.parse_opts_0_INTMAX
                0x000000000002deb0        0xc miscutils/lib.a(hdparm.o)
 .text.translate_xfermode
                0x000000000002debc       0x98 miscutils/lib.a(hdparm.o)
 .text.read_big_block
                0x000000000002df54       0x38 miscutils/lib.a(hdparm.o)
 .text.on_off   0x000000000002df8c       0x20 miscutils/lib.a(hdparm.o)
 .text.mode_loop
                0x000000000002dfac       0xa8 miscutils/lib.a(hdparm.o)
 .text.print_flag
                0x000000000002e054       0x24 miscutils/lib.a(hdparm.o)
 .text.xprint_ascii
                0x000000000002e078       0x98 miscutils/lib.a(hdparm.o)
 .text.print_flag_on_off
                0x000000000002e110       0x38 miscutils/lib.a(hdparm.o)
 .text.print_value_on_off
                0x000000000002e148       0x34 miscutils/lib.a(hdparm.o)
 .text.bus_state_value
                0x000000000002e17c       0x58 miscutils/lib.a(hdparm.o)
 .text.identify_from_stdin
                0x000000000002e1d4       0xbc miscutils/lib.a(hdparm.o)
 .text.dump_identity
                0x000000000002e290      0x5e4 miscutils/lib.a(hdparm.o)
 .text.seek_to_zero
                0x000000000002e874       0x24 miscutils/lib.a(hdparm.o)
 .text.flush_buffer_cache
                0x000000000002e898       0x80 miscutils/lib.a(hdparm.o)
 .text.do_time  0x000000000002e918      0x2c4 miscutils/lib.a(hdparm.o)
 .text.ioctl_alt_func.constprop.0
                0x000000000002ebdc       0x4c miscutils/lib.a(hdparm.o)
 .text.process_dev
                0x000000000002ec28     0x18c0 miscutils/lib.a(hdparm.o)
 .text.hdparm_main
                0x00000000000304e8      0x9e4 miscutils/lib.a(hdparm.o)
                0x00000000000304e8                hdparm_main
 .text.format_line
                0x0000000000030ecc      0x108 miscutils/lib.a(hexedit.o)
 .text.redraw   0x0000000000030fd4      0x150 miscutils/lib.a(hexedit.o)
 .text.redraw_cur_line
                0x0000000000031124       0xb4 miscutils/lib.a(hexedit.o)
 .text.restore_term
                0x00000000000311d8       0x34 miscutils/lib.a(hexedit.o)
 .text.sig_catcher
                0x000000000003120c       0x44 miscutils/lib.a(hexedit.o)
 .text.remap    0x0000000000031250       0xc0 miscutils/lib.a(hexedit.o)
 .text.move_mapping_further
                0x0000000000031310       0x98 miscutils/lib.a(hexedit.o)
 .text.move_mapping_lower
                0x00000000000313a8       0x80 miscutils/lib.a(hexedit.o)
 .text.hexedit_main
                0x0000000000031428      0x638 miscutils/lib.a(hexedit.o)
                0x0000000000031428                hexedit_main
 .text.i2c_bus_lookup
                0x0000000000031a60       0x14 miscutils/lib.a(i2c_tools.o)
 .text.i2c_dev_open
                0x0000000000031a74       0xc0 miscutils/lib.a(i2c_tools.o)
 .text.check_funcs_test_end
                0x0000000000031b34       0x44 miscutils/lib.a(i2c_tools.o)
 .text.get_funcs_matrix
                0x0000000000031b78       0x1c miscutils/lib.a(i2c_tools.o)
 .text.check_read_funcs
                0x0000000000031b94      0x150 miscutils/lib.a(i2c_tools.o)
 .text.i2c_set_slave_addr
                0x0000000000031ce4       0x40 miscutils/lib.a(i2c_tools.o)
 .text.confirm_or_abort
                0x0000000000031d24       0x4c miscutils/lib.a(i2c_tools.o)
 .text.confirm_action
                0x0000000000031d70       0x9c miscutils/lib.a(i2c_tools.o)
 .text.i2c_smbus_access
                0x0000000000031e0c       0x60 miscutils/lib.a(i2c_tools.o)
 .text.i2c_smbus_read_byte
                0x0000000000031e6c       0x64 miscutils/lib.a(i2c_tools.o)
 .text.i2c_smbus_read_word_data
                0x0000000000031ed0       0x64 miscutils/lib.a(i2c_tools.o)
 .text.i2c_smbus_read_byte_data
                0x0000000000031f34       0x64 miscutils/lib.a(i2c_tools.o)
 .text.list_i2c_busses_and_exit
                0x0000000000031f98      0x2c8 miscutils/lib.a(i2c_tools.o)
 .text.i2cget_main
                0x0000000000032260      0x22c miscutils/lib.a(i2c_tools.o)
                0x0000000000032260                i2cget_main
 .text.i2cset_main
                0x000000000003248c      0x6a4 miscutils/lib.a(i2c_tools.o)
                0x000000000003248c                i2cset_main
 .text.i2cdump_main
                0x0000000000032b30      0x810 miscutils/lib.a(i2c_tools.o)
                0x0000000000032b30                i2cdump_main
 .text.i2cdetect_main
                0x0000000000033340      0x42c miscutils/lib.a(i2c_tools.o)
                0x0000000000033340                i2cdetect_main
 .text.i2ctransfer_main
                0x000000000003376c      0x400 miscutils/lib.a(i2c_tools.o)
                0x000000000003376c                i2ctransfer_main
 .text.at_end   0x0000000000033b6c       0x8c miscutils/lib.a(less.o)
 .text.safe_lineno
                0x0000000000033bf8       0x38 miscutils/lib.a(less.o)
 .text.opp_bracket
                0x0000000000033c30       0x60 miscutils/lib.a(less.o)
 .text.sigwinch_handler
                0x0000000000033c90       0x1c miscutils/lib.a(less.o)
 .text.set_tty_cooked
                0x0000000000033cac       0x2c miscutils/lib.a(less.o)
 .text.clear_line
                0x0000000000033cd8       0x2c miscutils/lib.a(less.o)
 .text.less_exit
                0x0000000000033d04       0x4c miscutils/lib.a(less.o)
 .text.sig_catcher
                0x0000000000033d50        0xc miscutils/lib.a(less.o)
 .text.print_statusline
                0x0000000000033d5c       0x40 miscutils/lib.a(less.o)
 .text.fill_match_lines
                0x0000000000033d9c       0xb8 miscutils/lib.a(less.o)
 .text.read_lines
                0x0000000000033e54      0x434 miscutils/lib.a(less.o)
 .text.goto_lineno
                0x0000000000034288       0xb4 miscutils/lib.a(less.o)
 .text.cap_cur_fline
                0x000000000003433c       0xb8 miscutils/lib.a(less.o)
 .text.re_wrap  0x00000000000343f4      0x220 miscutils/lib.a(less.o)
 .text.update_num_lines
                0x0000000000034614      0x154 miscutils/lib.a(less.o)
 .text.m_status_print
                0x0000000000034768      0x18c miscutils/lib.a(less.o)
 .text.status_print
                0x00000000000348f4       0xd0 miscutils/lib.a(less.o)
 .text.buffer_print
                0x00000000000349c4      0x438 miscutils/lib.a(less.o)
 .text.buffer_fill_and_print
                0x0000000000034dfc       0xf8 miscutils/lib.a(less.o)
 .text.reinitialize
                0x0000000000034ef4       0xec miscutils/lib.a(less.o)
 .text.change_file
                0x0000000000034fe0       0x90 miscutils/lib.a(less.o)
 .text.buffer_down
                0x0000000000035070       0x70 miscutils/lib.a(less.o)
 .text.buffer_up
                0x00000000000350e0       0x70 miscutils/lib.a(less.o)
 .text.buffer_to_line
                0x0000000000035150       0x54 miscutils/lib.a(less.o)
 .text.goto_match
                0x00000000000351a4       0x84 miscutils/lib.a(less.o)
 .text.getch_nowait
                0x0000000000035228      0x180 miscutils/lib.a(less.o)
 .text.less_getch
                0x00000000000353a8       0x54 miscutils/lib.a(less.o)
 .text.less_gets